Component: ARM Compiler 5.06 update 7 (build 960) Tool: armlink [4d3601]

==============================================================================

Section Cross References

    startup_stm32f407xx.o(STACK) refers (Special) to heapauxi.o(.text) for __use_two_region_memory
    startup_stm32f407xx.o(HEAP) refers (Special) to heapauxi.o(.text) for __use_two_region_memory
    startup_stm32f407xx.o(RESET) refers (Special) to heapauxi.o(.text) for __use_two_region_memory
    startup_stm32f407xx.o(RESET) refers to startup_stm32f407xx.o(STACK) for __initial_sp
    startup_stm32f407xx.o(RESET) refers to startup_stm32f407xx.o(.text) for Reset_Handler
    startup_stm32f407xx.o(RESET) refers to stm32f4xx_it.o(i.NMI_Handler) for NMI_Handler
    startup_stm32f407xx.o(RESET) refers to stm32f4xx_it.o(i.HardFault_Handler) for HardFault_Handler
    startup_stm32f407xx.o(RESET) refers to stm32f4xx_it.o(i.MemManage_Handler) for MemManage_Handler
    startup_stm32f407xx.o(RESET) refers to stm32f4xx_it.o(i.BusFault_Handler) for BusFault_Handler
    startup_stm32f407xx.o(RESET) refers to stm32f4xx_it.o(i.UsageFault_Handler) for UsageFault_Handler
    startup_stm32f407xx.o(RESET) refers to port.o(.emb_text) for SVC_Handler
    startup_stm32f407xx.o(RESET) refers to stm32f4xx_it.o(i.DebugMon_Handler) for DebugMon_Handler
    startup_stm32f407xx.o(RESET) refers to stm32f4xx_it.o(i.SysTick_Handler) for SysTick_Handler
    startup_stm32f407xx.o(RESET) refers to stm32f4xx_it.o(i.EXTI0_IRQHandler) for EXTI0_IRQHandler
    startup_stm32f407xx.o(RESET) refers to stm32f4xx_it.o(i.EXTI3_IRQHandler) for EXTI3_IRQHandler
    startup_stm32f407xx.o(RESET) refers to stm32f4xx_it.o(i.EXTI4_IRQHandler) for EXTI4_IRQHandler
    startup_stm32f407xx.o(RESET) refers to stm32f4xx_it.o(i.CAN1_RX0_IRQHandler) for CAN1_RX0_IRQHandler
    startup_stm32f407xx.o(RESET) refers to stm32f4xx_it.o(i.EXTI9_5_IRQHandler) for EXTI9_5_IRQHandler
    startup_stm32f407xx.o(RESET) refers to communicate.o(i.USART3_IRQHandler) for USART3_IRQHandler
    startup_stm32f407xx.o(RESET) refers to stm32f4xx_it.o(i.DMA2_Stream1_IRQHandler) for DMA2_Stream1_IRQHandler
    startup_stm32f407xx.o(RESET) refers to stm32f4xx_it.o(i.CAN2_RX0_IRQHandler) for CAN2_RX0_IRQHandler
    startup_stm32f407xx.o(RESET) refers to stm32f4xx_it.o(i.OTG_FS_IRQHandler) for OTG_FS_IRQHandler
    startup_stm32f407xx.o(RESET) refers to stm32f4xx_it.o(i.DMA2_Stream6_IRQHandler) for DMA2_Stream6_IRQHandler
    startup_stm32f407xx.o(RESET) refers to stm32f4xx_it.o(i.DMA2_Stream7_IRQHandler) for DMA2_Stream7_IRQHandler
    startup_stm32f407xx.o(RESET) refers to communicate.o(i.USART6_IRQHandler) for USART6_IRQHandler
    startup_stm32f407xx.o(.text) refers (Special) to heapauxi.o(.text) for __use_two_region_memory
    startup_stm32f407xx.o(.text) refers to system_stm32f4xx.o(i.SystemInit) for SystemInit
    startup_stm32f407xx.o(.text) refers to __main.o(!!!main) for __main
    startup_stm32f407xx.o(.text) refers to startup_stm32f407xx.o(HEAP) for Heap_Mem
    startup_stm32f407xx.o(.text) refers to startup_stm32f407xx.o(STACK) for Stack_Mem
    main.o(i.SystemClock_Config) refers to rt_memclr_w.o(.text) for __aeabi_memclr4
    main.o(i.SystemClock_Config) refers to stm32f4xx_hal_rcc.o(i.HAL_RCC_OscConfig) for HAL_RCC_OscConfig
    main.o(i.SystemClock_Config) refers to stm32f4xx_hal_rcc.o(i.HAL_RCC_ClockConfig) for HAL_RCC_ClockConfig
    main.o(i.main) refers to stm32f4xx_hal.o(i.HAL_Init) for HAL_Init
    main.o(i.main) refers to main.o(i.SystemClock_Config) for SystemClock_Config
    main.o(i.main) refers to gpio.o(i.MX_GPIO_Init) for MX_GPIO_Init
    main.o(i.main) refers to dma.o(i.MX_DMA_Init) for MX_DMA_Init
    main.o(i.main) refers to adc.o(i.MX_ADC1_Init) for MX_ADC1_Init
    main.o(i.main) refers to adc.o(i.MX_ADC3_Init) for MX_ADC3_Init
    main.o(i.main) refers to can.o(i.MX_CAN1_Init) for MX_CAN1_Init
    main.o(i.main) refers to can.o(i.MX_CAN2_Init) for MX_CAN2_Init
    main.o(i.main) refers to i2c.o(i.MX_I2C1_Init) for MX_I2C1_Init
    main.o(i.main) refers to spi.o(i.MX_SPI1_Init) for MX_SPI1_Init
    main.o(i.main) refers to tim.o(i.MX_TIM4_Init) for MX_TIM4_Init
    main.o(i.main) refers to tim.o(i.MX_TIM5_Init) for MX_TIM5_Init
    main.o(i.main) refers to usart.o(i.MX_USART3_UART_Init) for MX_USART3_UART_Init
    main.o(i.main) refers to tim.o(i.MX_TIM8_Init) for MX_TIM8_Init
    main.o(i.main) refers to crc.o(i.MX_CRC_Init) for MX_CRC_Init
    main.o(i.main) refers to rng.o(i.MX_RNG_Init) for MX_RNG_Init
    main.o(i.main) refers to i2c.o(i.MX_I2C2_Init) for MX_I2C2_Init
    main.o(i.main) refers to i2c.o(i.MX_I2C3_Init) for MX_I2C3_Init
    main.o(i.main) refers to rtc.o(i.MX_RTC_Init) for MX_RTC_Init
    main.o(i.main) refers to spi.o(i.MX_SPI2_Init) for MX_SPI2_Init
    main.o(i.main) refers to tim.o(i.MX_TIM1_Init) for MX_TIM1_Init
    main.o(i.main) refers to tim.o(i.MX_TIM3_Init) for MX_TIM3_Init
    main.o(i.main) refers to tim.o(i.MX_TIM10_Init) for MX_TIM10_Init
[...]
    MX_USB_DEVICE_Init                       0x08004261   Thumb Code    66  usb_device.o(i.MX_USB_DEVICE_Init)
    MemManage_Handler                        0x080042b5   Thumb Code     2  stm32f4xx_it.o(i.MemManage_Handler)
    NMI_Handler                              0x080042b7   Thumb Code     2  stm32f4xx_it.o(i.NMI_Handler)
    OTG_FS_IRQHandler                        0x080042b9   Thumb Code     6  stm32f4xx_it.o(i.OTG_FS_IRQHandler)
    RC_Init                                  0x08004435   Thumb Code    84  bsp_rc.o(i.RC_Init)
    RTC_EnterInitMode                        0x08004495   Thumb Code    58  stm32f4xx_hal_rtc.o(i.RTC_EnterInitMode)
    SysTick_Handler                          0x080044d9   Thumb Code    24  stm32f4xx_it.o(i.SysTick_Handler)
    SystemClock_Config                       0x080044f1   Thumb Code   140  main.o(i.SystemClock_Config)
    SystemInit                               0x08004585   Thumb Code    12  system_stm32f4xx.o(i.SystemInit)
    System_Resource_Init                     0x08004595   Thumb Code     4  system_config.o(i.System_Resource_Init)
    TIM_Base_SetConfig                       0x08004599   Thumb Code   156  stm32f4xx_hal_tim.o(i.TIM_Base_SetConfig)
    TIM_ETR_SetConfig                        0x08004661   Thumb Code    20  stm32f4xx_hal_tim.o(i.TIM_ETR_SetConfig)
    TIM_OC2_SetConfig                        0x080046e5   Thumb Code    98  stm32f4xx_hal_tim.o(i.TIM_OC2_SetConfig)
    Task_start                               0x08004851   Thumb Code    70  system_config.o(i.Task_start)
    USART3_IRQHandler                        0x080049e9   Thumb Code   178  communicate.o(i.USART3_IRQHandler)
    USART6_IRQHandler                        0x08004ab5   Thumb Code   122  communicate.o(i.USART6_IRQHandler)
    USBD_CDC_GetDeviceQualifierDescriptor    0x08004c49   Thumb Code     8  usbd_cdc.o(i.USBD_CDC_GetDeviceQualifierDescriptor)
    USBD_CDC_ReceivePacket                   0x08004d1b   Thumb Code    40  usbd_cdc.o(i.USBD_CDC_ReceivePacket)
    USBD_CDC_RegisterInterface               0x08004d43   Thumb Code    14  usbd_cdc.o(i.USBD_CDC_RegisterInterface)
    USBD_CDC_SetRxBuffer                     0x08004d51   Thumb Code    18  usbd_cdc.o(i.USBD_CDC_SetRxBuffer)
    USBD_CDC_SetTxBuffer                     0x08004d63   Thumb Code    22  usbd_cdc.o(i.USBD_CDC_SetTxBuffer)
    USBD_ClrClassConfig                      0x08004e37   Thumb Code    16  usbd_core.o(i.USBD_ClrClassConfig)
    USBD_CtlContinueRx                       0x08004e47   Thumb Code    16  usbd_ioreq.o(i.USBD_CtlContinueRx)
    USBD_CtlContinueSendData                 0x08004e57   Thumb Code    16  usbd_ioreq.o(i.USBD_CtlContinueSendData)
    USBD_CtlError                            0x08004e67   Thumb Code    22  usbd_ctlreq.o(i.USBD_CtlError)
    USBD_CtlPrepareRx                        0x08004e7d   Thumb Code    30  usbd_ioreq.o(i.USBD_CtlPrepareRx)
    USBD_CtlReceiveStatus                    0x08004e9b   Thumb Code    22  usbd_ioreq.o(i.USBD_CtlReceiveStatus)
    USBD_CtlSendData                         0x08004eb1   Thumb Code    26  usbd_ioreq.o(i.USBD_CtlSendData)
    USBD_CtlSendStatus                       0x08004ecb   Thumb Code    22  usbd_ioreq.o(i.USBD_CtlSendStatus)
    USBD_FS_ConfigStrDescriptor              0x08004ee1   Thumb Code    16  usbd_desc.o(i.USBD_FS_ConfigStrDescriptor)
    USBD_FS_DeviceDescriptor                 0x08004f01   Thumb Code     8  usbd_desc.o(i.USBD_FS_DeviceDescriptor)
    USBD_FS_InterfaceStrDescriptor           0x08004f0d   Thumb Code    16  usbd_desc.o(i.USBD_FS_InterfaceStrDescriptor)
    USBD_FS_LangIDStrDescriptor              0x08004f31   Thumb Code     8  usbd_desc.o(i.USBD_FS_LangIDStrDescriptor)
    USBD_FS_ManufacturerStrDescriptor        0x08004f3d   Thumb Code    16  usbd_desc.o(i.USBD_FS_ManufacturerStrDescriptor)
    USBD_FS_ProductStrDescriptor             0x08004f65   Thumb Code    16  usbd_desc.o(i.USBD_FS_ProductStrDescriptor)
    USBD_FS_SerialStrDescriptor              0x08004f91   Thumb Code    48  usbd_desc.o(i.USBD_FS_SerialStrDescriptor)
    USBD_GetString                           0x080050af   Thumb Code    72  usbd_ctlreq.o(i.USBD_GetString)
    USBD_Get_USB_Status                      0x080050f7   Thumb Code    24  usbd_conf.o(i.USBD_Get_USB_Status)
    USBD_Init                                0x0800510f   Thumb Code    38  usbd_core.o(i.USBD_Init)
    USBD_LL_ClearStallEP                     0x08005135   Thumb Code    18  usbd_conf.o(i.USBD_LL_ClearStallEP)
    USBD_LL_CloseEP                          0x08005147   Thumb Code    18  usbd_conf.o(i.USBD_LL_CloseEP)
    USBD_LL_DataInStage                      0x08005159   Thumb Code   168  usbd_core.o(i.USBD_LL_DataInStage)
    USBD_LL_DataOutStage                     0x08005201   Thumb Code   108  usbd_core.o(i.USBD_LL_DataOutStage)
    USBD_LL_DevConnected                     0x0800526d   Thumb Code     4  usbd_core.o(i.USBD_LL_DevConnected)
    USBD_LL_DevDisconnected                  0x08005271   Thumb Code    24  usbd_core.o(i.USBD_LL_DevDisconnected)
    USBD_LL_GetRxDataSize                    0x08005289   Thumb Code     8  usbd_conf.o(i.USBD_LL_GetRxDataSize)
    USBD_LL_Init                             0x08005291   Thumb Code    90  usbd_conf.o(i.USBD_LL_Init)
    USBD_LL_IsStallEP                        0x080052f1   Thumb Code    32  usbd_conf.o(i.USBD_LL_IsStallEP)
    USBD_LL_IsoINIncomplete                  0x08005311   Thumb Code    32  usbd_core.o(i.USBD_LL_IsoINIncomplete)
    USBD_LL_IsoOUTIncomplete                 0x08005331   Thumb Code    32  usbd_core.o(i.USBD_LL_IsoOUTIncomplete)
    USBD_LL_OpenEP                           0x08005351   Thumb Code    24  usbd_conf.o(i.USBD_LL_OpenEP)
    USBD_LL_PrepareReceive                   0x08005369   Thumb Code    18  usbd_conf.o(i.USBD_LL_PrepareReceive)
    USBD_LL_Reset                            0x0800537b   Thumb Code    90  usbd_core.o(i.USBD_LL_Reset)
    USBD_LL_Resume                           0x080053d5   Thumb Code    20  usbd_core.o(i.USBD_LL_Resume)
    USBD_LL_SOF                              0x080053e9   Thumb Code    32  usbd_core.o(i.USBD_LL_SOF)
    USBD_LL_SetSpeed                         0x08005409   Thumb Code     6  usbd_core.o(i.USBD_LL_SetSpeed)
    USBD_LL_SetUSBAddress                    0x0800540f   Thumb Code    18  usbd_conf.o(i.USBD_LL_SetUSBAddress)
    USBD_LL_SetupStage                       0x08005421   Thumb Code    96  usbd_core.o(i.USBD_LL_SetupStage)
    USBD_LL_StallEP                          0x08005481   Thumb Code    18  usbd_conf.o(i.USBD_LL_StallEP)
    USBD_LL_Start                            0x08005493   Thumb Code    18  usbd_conf.o(i.USBD_LL_Start)
    USBD_LL_Suspend                          0x080054a5   Thumb Code    18  usbd_core.o(i.USBD_LL_Suspend)
    USBD_LL_Transmit                         0x080054b7   Thumb Code    18  usbd_conf.o(i.USBD_LL_Transmit)
    USBD_ParseSetupRequest                   0x080054c9   Thumb Code    44  usbd_ctlreq.o(i.USBD_ParseSetupRequest)
    USBD_RegisterClass                       0x080054f5   Thumb Code    36  usbd_core.o(i.USBD_RegisterClass)
    USBD_SetClassConfig                      0x08005519   Thumb Code    20  usbd_core.o(i.USBD_SetClassConfig)
    USBD_Start                               0x080055e9   Thumb Code     4  usbd_core.o(i.USBD_Start)
    USBD_StdDevReq                           0x080055ed   Thumb Code   276  usbd_ctlreq.o(i.USBD_StdDevReq)
    USBD_StdEPReq                            0x08005701   Thumb Code   320  usbd_ctlreq.o(i.USBD_StdEPReq)
    USBD_StdItfReq                           0x08005841   Thumb Code    82  usbd_ctlreq.o(i.USBD_StdItfReq)
    USBD_static_free                         0x08005893   Thumb Code     2  usbd_conf.o(i.USBD_static_free)
    USBD_static_malloc                       0x08005895   Thumb Code     4  usbd_conf.o(i.USBD_static_malloc)
    USB_ActivateEndpoint                     0x0800589d   Thumb Code   122  stm32f4xx_ll_usb.o(i.USB_ActivateEndpoint)
    USB_ActivateSetup                        0x0800591d   Thumb Code    28  stm32f4xx_ll_usb.o(i.USB_ActivateSetup)
    USB_CoreInit                             0x08005939   Thumb Code   112  stm32f4xx_ll_usb.o(i.USB_CoreInit)
    USB_DeactivateEndpoint                   0x080059ed   Thumb Code   194  stm32f4xx_ll_usb.o(i.USB_DeactivateEndpoint)
    USB_DevConnect                           0x08005ab9   Thumb Code    28  stm32f4xx_ll_usb.o(i.USB_DevConnect)
    USB_DevDisconnect                        0x08005ad5   Thumb Code    28  stm32f4xx_ll_usb.o(i.USB_DevDisconnect)
    USB_DevInit                              0x08005af1   Thumb Code   362  stm32f4xx_ll_usb.o(i.USB_DevInit)
    USB_DisableGlobalInt                     0x08005c65   Thumb Code    12  stm32f4xx_ll_usb.o(i.USB_DisableGlobalInt)
    USB_EP0StartXfer                         0x08005c71   Thumb Code   276  stm32f4xx_ll_usb.o(i.USB_EP0StartXfer)
    USB_EP0_OutStart                         0x08005d89   Thumb Code    84  stm32f4xx_ll_usb.o(i.USB_EP0_OutStart)
    USB_EPClearStall                         0x08005de1   Thumb Code    88  stm32f4xx_ll_usb.o(i.USB_EPClearStall)
    USB_EPSetStall                           0x08005e39   Thumb Code    88  stm32f4xx_ll_usb.o(i.USB_EPSetStall)
    USB_EPStartXfer                          0x08005e91   Thumb Code   482  stm32f4xx_ll_usb.o(i.USB_EPStartXfer)
    USB_EnableGlobalInt                      0x08006079   Thumb Code    12  stm32f4xx_ll_usb.o(i.USB_EnableGlobalInt)
    USB_FlushRxFifo                          0x08006085   Thumb Code    36  stm32f4xx_ll_usb.o(i.USB_FlushRxFifo)
    USB_FlushTxFifo                          0x080060ad   Thumb Code    40  stm32f4xx_ll_usb.o(i.USB_FlushTxFifo)
    USB_GetDevSpeed                          0x080060d9   Thumb Code    26  stm32f4xx_ll_usb.o(i.USB_GetDevSpeed)
    USB_GetMode                              0x080060f3   Thumb Code     8  stm32f4xx_ll_usb.o(i.USB_GetMode)
    USB_ReadDevAllInEpInterrupt              0x080060fb   Thumb Code    14  stm32f4xx_ll_usb.o(i.USB_ReadDevAllInEpInterrupt)
    USB_ReadDevAllOutEpInterrupt             0x08006109   Thumb Code    14  stm32f4xx_ll_usb.o(i.USB_ReadDevAllOutEpInterrupt)
    USB_ReadDevInEPInterrupt                 0x08006117   Thumb Code    36  stm32f4xx_ll_usb.o(i.USB_ReadDevInEPInterrupt)
    USB_ReadDevOutEPInterrupt                0x0800613b   Thumb Code    16  stm32f4xx_ll_usb.o(i.USB_ReadDevOutEPInterrupt)
    USB_ReadInterrupts                       0x0800614b   Thumb Code     8  stm32f4xx_ll_usb.o(i.USB_ReadInterrupts)
    USB_ReadPacket                           0x08006153   Thumb Code    62  stm32f4xx_ll_usb.o(i.USB_ReadPacket)
    USB_SetCurrentMode                       0x08006191   Thumb Code    92  stm32f4xx_ll_usb.o(i.USB_SetCurrentMode)
    USB_SetDevAddress                        0x080061ed   Thumb Code    34  stm32f4xx_ll_usb.o(i.USB_SetDevAddress)
    USB_SetTurnaroundTime                    0x08006211   Thumb Code   158  stm32f4xx_ll_usb.o(i.USB_SetTurnaroundTime)
    USB_WritePacket                          0x080062f9   Thumb Code    40  stm32f4xx_ll_usb.o(i.USB_WritePacket)
    UsageFault_Handler                       0x08006321   Thumb Code     2  stm32f4xx_it.o(i.UsageFault_Handler)
    detect_hook(unsigned char)               0x08006325   Thumb Code    74  detect_task.o(i._Z11detect_hookh)
    my_test_task(void*)                      0x08006375   Thumb Code    28  my_test_task.o(i._Z12my_test_taskPv)
    arm_ctrl_task(void*)                     0x08006399   Thumb Code    68  arm_ctrl_task.o(i._Z13arm_ctrl_taskPv)
    communicate_task(void*)                  0x080063e5   Thumb Code    40  communicate_task.o(i._Z16communicate_taskPv)
    Can_receive::send_rc_board_com(short, short, short, unsigned short) 0x08006419   Thumb Code   102  can_receive.o(i._ZN11Can_receive17send_rc_board_comEssst)
    Can_receive::send_ss_state_com(unsigned char, unsigned char, short, unsigned char) 0x08006485   Thumb Code    90  can_receive.o(i._ZN11Can_receive17send_ss_state_comEhhsh)
    Can_receive::send_high_state_com(unsigned char, unsigned char, unsigned char, unsigned char) 0x080064e5   Thumb Code    92  can_receive.o(i._ZN11Can_receive19send_high_state_comEhhhh)
    Can_receive::send_lift_auto_mode(signed char) 0x08006545   Thumb Code    80  can_receive.o(i._ZN11Can_receive19send_lift_auto_modeEa)
    Can_receive::receive_lift_auto_state(unsigned char*) 0x08006599   Thumb Code    10  can_receive.o(i._ZN11Can_receive23receive_lift_auto_stateEPh)
    Can_receive::get_elbow_motor_measure_point(unsigned char) 0x080065a3   Thumb Code    10  can_receive.o(i._ZN11Can_receive29get_elbow_motor_measure_pointEh)
    Can_receive::get_terminal_motor_measure_point(unsigned char) 0x080065ad   Thumb Code    12  can_receive.o(i._ZN11Can_receive32get_terminal_motor_measure_pointEh)
    Can_receive::init()                      0x080065b9   Thumb Code     4  can_receive.o(i._ZN11Can_receive4initEv)
    Communicate::run()                       0x080065bd   Thumb Code    74  communicate.o(i._ZN11Communicate3runEv)
    Communicate::init()                      0x08006611   Thumb Code    18  communicate.o(i._ZN11Communicate4initEv)
    Joint_motor::init(const motor_measure_t*) 0x0800662d   Thumb Code     4  motor.o(i._ZN11Joint_motor4initEPK15motor_measure_t)
    Remote_control::sbus_to_usart1(unsigned char) 0x08006631   Thumb Code    64  remote_control.o(i._ZN14Remote_control14sbus_to_usart1Eh)
    Remote_control::get_remote_control_point() 0x08006679   Thumb Code     4  remote_control.o(i._ZN14Remote_control24get_remote_control_pointEv)
    Remote_control::get_last_remote_control_point() 0x0800667d   Thumb Code     4  remote_control.o(i._ZN14Remote_control29get_last_remote_control_pointEv)
    Remote_control::init()                   0x08006681   Thumb Code    20  remote_control.o(i._ZN14Remote_control4initEv)
    Remote_control::unpack(unsigned char)    0x08006695   Thumb Code   168  remote_control.o(i._ZN14Remote_control6unpackEh)
    Pid::init(pid_mode_e, const float*, float*, float*, float) 0x0800673d   Thumb Code    76  pid.o(i._ZN3Pid4initE10pid_mode_ePKfPfS3_f)
    Pid::pid_calc()                          0x08006789   Thumb Code   178  pid.o(i._ZN3Pid8pid_calcEv)
    Pid::pid_clear()                         0x0800683d   Thumb Code    42  pid.o(i._ZN3Pid9pid_clearEv)
    AUTO::auto_control_set()                 0x0800686d   Thumb Code     2  auto.o(i._ZN4AUTO16auto_control_setEv)
    AUTO::motor_status_measure()             0x0800686f   Thumb Code     2  auto.o(i._ZN4AUTO20motor_status_measureEv)
    AUTO::init()                             0x08006871   Thumb Code     2  auto.o(i._ZN4AUTO4initEv)
    Arm_ctrl::set_control()                  0x08006873   Thumb Code   202  arm_ctrl.o(i._ZN8Arm_ctrl11set_controlEv)
    Arm_ctrl::feedback_update()              0x0800693d   Thumb Code   216  arm_ctrl.o(i._ZN8Arm_ctrl15feedback_updateEv)
    Arm_ctrl::motor_set_control(Joint_motor*) 0x08006a21   Thumb Code    80  arm_ctrl.o(i._ZN8Arm_ctrl17motor_set_controlEP11Joint_motor)
    Arm_ctrl::behaviour_mode_set()           0x08006a71   Thumb Code    94  arm_ctrl.o(i._ZN8Arm_ctrl18behaviour_mode_setEv)
    Arm_ctrl::arm_open_set_control(float*, float*, float*, float*, float*) 0x08006ad1   Thumb Code   150  arm_ctrl.o(i._ZN8Arm_ctrl20arm_open_set_controlEPfS0_S0_S0_S0_)
    Arm_ctrl::behaviour_control_set(float*, float*, float*, float*, float*) 0x08006b6d   Thumb Code    78  arm_ctrl.o(i._ZN8Arm_ctrl21behaviour_control_setEPfS0_S0_S0_S0_)
    Arm_ctrl::init()                         0x08006bc1   Thumb Code   470  arm_ctrl.o(i._ZN8Arm_ctrl4initEv)
    Arm_ctrl::solve()                        0x08006da9   Thumb Code    48  arm_ctrl.o(i._ZN8Arm_ctrl5solveEv)
    Arm_ctrl::output()                       0x08006dd9   Thumb Code     2  arm_ctrl.o(i._ZN8Arm_ctrl6outputEv)
    Arm_ctrl::set_mode()                     0x08006ddb   Thumb Code     4  arm_ctrl.o(i._ZN8Arm_ctrl8set_modeEv)
    can_filter_init                          0x08006e01   Thumb Code    80  bsp_can.o(i.can_filter_init)
    delay_init                               0x08006e59   Thumb Code    26  bsp_delay.o(i.delay_init)
    fifo_s_puts                              0x08006e81   Thumb Code   124  fifo.o(i.fifo_s_puts)
    main                                     0x08006efd   Thumb Code   122  main.o(i.main)
    osDelay                                  0x08006f8d   Thumb Code    14  cmsis_os.o(i.osDelay)
    osKernelStart                            0x08006f9b   Thumb Code    10  cmsis_os.o(i.osKernelStart)
    osThreadCreate                           0x08006fa5   Thumb Code    84  cmsis_os.o(i.osThreadCreate)
    osThreadTerminate                        0x08006ff9   Thumb Code    10  cmsis_os.o(i.osThreadTerminate)
    pvPortMalloc                             0x080077ad   Thumb Code   216  heap_4.o(i.pvPortMalloc)
    pxPortInitialiseStack                    0x08007889   Thumb Code    40  port.o(i.pxPortInitialiseStack)
    start_task                               0x080078b5   Thumb Code    20  freertos.o(i.start_task)
    test_task                                0x080078cd   Thumb Code    14  freertos.o(i.test_task)
    usart1_tx_dma_enable                     0x080078dd   Thumb Code    88  bsp_usart.o(i.usart1_tx_dma_enable)
    usart1_tx_dma_init                       0x08007941   Thumb Code    60  bsp_usart.o(i.usart1_tx_dma_init)
    uxListRemove                             0x08007989   Thumb Code    38  list.o(i.uxListRemove)
    vApplicationGetIdleTaskMemory            0x080079b1   Thumb Code    16  freertos.o(i.vApplicationGetIdleTaskMemory)
    vApplicationGetTimerTaskMemory           0x080079c5   Thumb Code    18  freertos.o(i.vApplicationGetTimerTaskMemory)
    vListInitialise                          0x080079dd   Thumb Code    22  list.o(i.vListInitialise)
    vListInitialiseItem                      0x080079f3   Thumb Code     6  list.o(i.vListInitialiseItem)
    vListInsert                              0x080079f9   Thumb Code    48  list.o(i.vListInsert)
    vListInsertEnd                           0x08007a29   Thumb Code    24  list.o(i.vListInsertEnd)
    vPortEnterCritical                       0x08007a41   Thumb Code    54  port.o(i.vPortEnterCritical)
    vPortExitCritical                        0x08007a81   Thumb Code    34  port.o(i.vPortExitCritical)
    vPortFree                                0x08007aa9   Thumb Code    94  heap_4.o(i.vPortFree)
    vPortSetupTimerInterrupt                 0x08007b0d   Thumb Code    32  port.o(i.vPortSetupTimerInterrupt)
    vPortValidateInterruptPriority           0x08007b31   Thumb Code    74  port.o(i.vPortValidateInterruptPriority)
    vQueueAddToRegistry                      0x08007b85   Thumb Code    34  queue.o(i.vQueueAddToRegistry)
    vQueueWaitForMessageRestricted           0x08007bad   Thumb Code    68  queue.o(i.vQueueWaitForMessageRestricted)
    vTaskDelay                               0x08007bf1   Thumb Code    66  tasks.o(i.vTaskDelay)
    vTaskDelete                              0x08007c3d   Thumb Code   158  tasks.o(i.vTaskDelete)
    vTaskInternalSetTimeOutState             0x08007ce9   Thumb Code    12  tasks.o(i.vTaskInternalSetTimeOutState)
    vTaskMissedYield                         0x08007cf9   Thumb Code     8  tasks.o(i.vTaskMissedYield)
    vTaskPlaceOnEventList                    0x08007d05   Thumb Code    44  tasks.o(i.vTaskPlaceOnEventList)
    vTaskPlaceOnEventListRestricted          0x08007d35   Thumb Code    52  tasks.o(i.vTaskPlaceOnEventListRestricted)
    vTaskStartScheduler                      0x08007d6d   Thumb Code   118  tasks.o(i.vTaskStartScheduler)
    vTaskSuspendAll                          0x08007df5   Thumb Code    10  tasks.o(i.vTaskSuspendAll)
    vTaskSwitchContext                       0x08007e05   Thumb Code    82  tasks.o(i.vTaskSwitchContext)
    xPortStartScheduler                      0x08007e61   Thumb Code   222  port.o(i.xPortStartScheduler)
    xPortSysTickHandler                      0x08007f55   Thumb Code    38  port.o(i.xPortSysTickHandler)
    xQueueGenericCreateStatic                0x08007f81   Thumb Code   102  queue.o(i.xQueueGenericCreateStatic)
    xQueueGenericReset                       0x08007fe9   Thumb Code   132  queue.o(i.xQueueGenericReset)
    xQueueGenericSend                        0x08008071   Thumb Code   346  queue.o(i.xQueueGenericSend)
    xQueueGenericSendFromISR                 0x080081d1   Thumb Code   190  queue.o(i.xQueueGenericSendFromISR)
    xQueueReceive                            0x08008291   Thumb Code   308  queue.o(i.xQueueReceive)
    xTaskCheckForTimeOut                     0x080083c9   Thumb Code   132  tasks.o(i.xTaskCheckForTimeOut)
    xTaskCreate                              0x08008451   Thumb Code    90  tasks.o(i.xTaskCreate)
    xTaskCreateStatic                        0x080084ab   Thumb Code    86  tasks.o(i.xTaskCreateStatic)
    xTaskGetSchedulerState                   0x08008501   Thumb Code    22  tasks.o(i.xTaskGetSchedulerState)
    xTaskGetTickCount                        0x0800851d   Thumb Code     6  tasks.o(i.xTaskGetTickCount)
    xTaskIncrementTick                       0x08008529   Thumb Code   194  tasks.o(i.xTaskIncrementTick)
    xTaskPriorityDisinherit                  0x080085f5   Thumb Code   144  tasks.o(i.xTaskPriorityDisinherit)
    xTaskRemoveFromEventList                 0x0800868d   Thumb Code   108  tasks.o(i.xTaskRemoveFromEventList)
    xTaskResumeAll                           0x08008701   Thumb Code   182  tasks.o(i.xTaskResumeAll)
    xTimerCreateTimerTask                    0x080087c5   Thumb Code    78  timers.o(i.xTimerCreateTimerTask)
    xTimerGenericCommand                     0x08008825   Thumb Code    98  timers.o(i.xTimerGenericCommand)
    _fp_init                                 0x0800888d   Thumb Code    10  fpinit.o(x$fpl$fpinit)
    __fplib_config_fpu_vfp                   0x08008895   Thumb Code     0  fpinit.o(x$fpl$fpinit)
    __fplib_config_pureend_doubles           0x08008895   Thumb Code     0  fpinit.o(x$fpl$fpinit)
    AHBPrescTable                            0x080088d8   Data          16  system_stm32f4xx.o(.constdata)
    APBPrescTable                            0x080088e8   Data           8  system_stm32f4xx.o(.constdata)
    Region$$Table$$Base                      0x080089a0   Number         0  anon$$obj.o(Region$$Table)
    Region$$Table$$Limit                     0x080089c0   Number         0  anon$$obj.o(Region$$Table)
    startTaskHandle                          0x20000000   Data           4  freertos.o(.data)
    testHandle                               0x20000004   Data           4  freertos.o(.data)
    hcrc                                     0x2000000c   Data           8  crc.o(.data)
    FS_Desc                                  0x20000014   Data          28  usbd_desc.o(.data)
    USBD_LangIDDesc                          0x20000030   Data           4  usbd_desc.o(.data)
    USBD_FS_DeviceDesc                       0x20000034   Data          18  usbd_desc.o(.data)
    USBD_StringSerial                        0x20000048   Data          26  usbd_desc.o(.data)
    USBD_Interface_fops_FS                   0x20000064   Data          20  usbd_cdc_if.o(.data)
    uwTickFreq                               0x20000078   Data           1  stm32f4xx_hal.o(.data)
    uwTickPrio                               0x2000007c   Data           4  stm32f4xx_hal.o(.data)
    uwTick                                   0x20000080   Data           4  stm32f4xx_hal.o(.data)
    SystemCoreClock                          0x20000084   Data           4  system_stm32f4xx.o(.data)
    pxCurrentTCB                             0x20000088   Data           4  tasks.o(.data)
    USBD_CDC                                 0x200001e0   Data          56  usbd_cdc.o(.data)
    my_test_task_handle                      0x20000218   Data           4  system_config.o(.data)
    communicate_task_handle                  0x2000021c   Data           4  system_config.o(.data)
    arm_ctrl_task_handle                     0x20000220   Data           4  system_config.o(.data)
    test_flag                                0x20000224   Data           1  my_test_task.o(.data)
    communicate_flag                         0x20000225   Data           1  communicate_task.o(.data)
    communicate                              0x20000234   Data           1  communicate.o(.data)
    hadc1                                    0x200008f4   Data          72  adc.o(.bss)
    hadc3                                    0x2000093c   Data          72  adc.o(.bss)
    hcan1                                    0x20000984   Data          40  can.o(.bss)
    hcan2                                    0x200009ac   Data          40  can.o(.bss)
    hi2c1                                    0x200009d4   Data          84  i2c.o(.bss)
    hi2c2                                    0x20000a28   Data          84  i2c.o(.bss)
    hi2c3                                    0x20000a7c   Data          84  i2c.o(.bss)
    hdma_i2c2_tx                             0x20000ad0   Data          96  i2c.o(.bss)
    hrng                                     0x20000b30   Data          16  rng.o(.bss)
    hrtc                                     0x20000b40   Data          32  rtc.o(.bss)
    hspi1                                    0x20000b60   Data          88  spi.o(.bss)
    hspi2                                    0x20000bb8   Data          88  spi.o(.bss)
    hdma_spi1_rx                             0x20000c10   Data          96  spi.o(.bss)
    hdma_spi1_tx                             0x20000c70   Data          96  spi.o(.bss)
    htim1                                    0x20000cd0   Data          72  tim.o(.bss)
    htim3                                    0x20000d18   Data          72  tim.o(.bss)
    htim4                                    0x20000d60   Data          72  tim.o(.bss)
    htim5                                    0x20000da8   Data          72  tim.o(.bss)
    htim8                                    0x20000df0   Data          72  tim.o(.bss)
    htim10                                   0x20000e38   Data          72  tim.o(.bss)
    huart1                                   0x20000e80   Data          68  usart.o(.bss)
    huart3                                   0x20000ec4   Data          68  usart.o(.bss)
    huart6                                   0x20000f08   Data          68  usart.o(.bss)
    hdma_usart1_tx                           0x20000f4c   Data          96  usart.o(.bss)
    hdma_usart3_rx                           0x20000fac   Data          96  usart.o(.bss)
    hdma_usart6_rx                           0x2000100c   Data          96  usart.o(.bss)
    hdma_usart6_tx                           0x2000106c   Data          96  usart.o(.bss)
    hUsbDeviceFS                             0x200010cc   Data         720  usb_device.o(.bss)
    hpcd_USB_OTG_FS                          0x200015bc   Data        1032  usbd_conf.o(.bss)
    USBD_StrDesc                             0x200019c4   Data         512  usbd_desc.o(.bss)
    UserRxBufferFS                           0x20001bc4   Data        2048  usbd_cdc_if.o(.bss)
    UserTxBufferFS                           0x200023c4   Data        2048  usbd_cdc_if.o(.bss)
    xQueueRegistry                           0x20002bc4   Data          64  queue.o(.bss)
    error_list                               0x20008e04   Data         756  detect_task.o(.bss)
    remote_control                           0x200090f8   Data         116  communicate.o(.bss)
    referee                                  0x2000916c   Data        2244  communicate.o(.bss)
    Auto                                     0x20009a30   Data          20  auto.o(.bss)
    arm_ctrl                                 0x20009a44   Data         772  arm_ctrl.o(.bss)
    can_receive                              0x20009d5c   Data         308  ui.o(.bss)
    __libspace_start                         0x20009e90   Data          96  libspace.o(.bss)
    __temporary_stack_top$libspace           0x20009ef0   Data           0  libspace.o(.bss)



==============================================================================

Memory Map of the image

  Image Entry point : 0x08000189

  Load Region LR_IROM1 (Base: 0x08000000, Size: 0x00008c0c, Max: 0x00100000, ABSOLUTE, COMPRESSED[0x00008a8c])

    Execution Region ER_IROM1 (Exec base: 0x08000000, Load base: 0x08000000, Size: 0x000089c0, Max: 0x00100000, ABSOLUTE)

    Exec Addr    Load Addr    Size         Type   Attr      Idx    E Section Name        Object

    0x08000000   0x08000000   0x00000188   Data   RO            3    RESET               startup_stm32f407xx.o
    0x08000188   0x08000188   0x00000008   Code   RO        10294  * !!!main             c_w.l(__main.o)
    0x08000190   0x08000190   0x00000034   Code   RO        10509    !!!scatter          c_w.l(__scatter.o)
    0x080001c4   0x080001c4   0x0000005a   Code   RO        10507    !!dczerorl2         c_w.l(__dczerorl2.o)
    0x0800021e   0x0800021e   0x00000002   PAD
    0x08000220   0x08000220   0x0000001c   Code   RO        10511    !!handler_zi        c_w.l(__scatter_zi.o)
    0x0800023c   0x0800023c   0x00000002   Code   RO        10444    .ARM.Collect$$libinit$$00000000  c_w.l(libinit.o)
    0x0800023e   0x0800023e   0x00000004   Code   RO        10330    .ARM.Collect$$libinit$$00000001  c_w.l(libinit2.o)
    0x08000242   0x08000242   0x00000000   Code   RO        10333    .ARM.Collect$$libinit$$00000004  c_w.l(libinit2.o)
    0x08000242   0x08000242   0x00000000   Code   RO        10336    .ARM.Collect$$libinit$$0000000A  c_w.l(libinit2.o)
    0x08000242   0x08000242   0x00000000   Code   RO        10338    .ARM.Collect$$libinit$$0000000C  c_w.l(libinit2.o)
    0x08000242   0x08000242   0x00000000   Code   RO        10340    .ARM.Collect$$libinit$$0000000E  c_w.l(libinit2.o)
    0x08000242   0x08000242   0x00000000   Code   RO        10343    .ARM.Collect$$libinit$$00000011  c_w.l(libinit2.o)
    0x08000242   0x08000242   0x00000000   Code   RO        10345    .ARM.Collect$$libinit$$00000013  c_w.l(libinit2.o)
    0x08000242   0x08000242   0x00000000   Code   RO        10347    .ARM.Collect$$libinit$$00000015  c_w.l(libinit2.o)
    0x08000242   0x08000242   0x00000000   Code   RO        10349    .ARM.Collect$$libinit$$00000017  c_w.l(libinit2.o)
    0x08000242   0x08000242   0x00000000   Code   RO        10351    .ARM.Collect$$libinit$$00000019  c_w.l(libinit2.o)
    0x08000242   0x08000242   0x00000000   Code   RO        10353    .ARM.Collect$$libinit$$0000001B  c_w.l(libinit2.o)
    0x08000242   0x08000242   0x00000000   Code   RO        10355    .ARM.Collect$$libinit$$0000001D  c_w.l(libinit2.o)
    0x08000242   0x08000242   0x00000000   Code   RO        10357    .ARM.Collect$$libinit$$0000001F  c_w.l(libinit2.o)
    0x08000242   0x08000242   0x00000000   Code   RO        10359    .ARM.Collect$$libinit$$00000021  c_w.l(libinit2.o)
    0x08000242   0x08000242   0x00000000   Code   RO        10361    .ARM.Collect$$libinit$$00000023  c_w.l(libinit2.o)
    0x08000242   0x08000242   0x00000000   Code   RO        10363    .ARM.Collect$$libinit$$00000025  c_w.l(libinit2.o)
    0x08000242   0x08000242   0x00000000   Code   RO        10367    .ARM.Collect$$libinit$$0000002C  c_w.l(libinit2.o)
    0x08000242   0x08000242   0x00000000   Code   RO        10369    .ARM.Collect$$libinit$$0000002E  c_w.l(libinit2.o)
    0x08000242   0x08000242   0x00000000   Code   RO        10371    .ARM.Collect$$libinit$$00000030  c_w.l(libinit2.o)
    0x08000242   0x08000242   0x00000000   Code   RO        10373    .ARM.Collect$$libinit$$00000032  c_w.l(libinit2.o)
    0x08000242   0x08000242   0x00000002   Code   RO        10374    .ARM.Collect$$libinit$$00000033  c_w.l(libinit2.o)
    0x08000244   0x08000244   0x00000002   Code   RO        10504    .ARM.Collect$$libshutdown$$00000000  c_w.l(libshutdown.o)
    0x08000246   0x08000246   0x00000000   Code   RO        10460    .ARM.Collect$$libshutdown$$00000002  c_w.l(libshutdown2.o)
    0x08000246   0x08000246   0x00000000   Code   RO        10462    .ARM.Collect$$libshutdown$$00000004  c_w.l(libshutdown2.o)
    0x08000246   0x08000246   0x00000000   Code   RO        10464    .ARM.Collect$$libshutdown$$00000006  c_w.l(libshutdown2.o)
    0x08000246   0x08000246   0x00000000   Code   RO        10467    .ARM.Collect$$libshutdown$$00000009  c_w.l(libshutdown2.o)
    0x08000246   0x08000246   0x00000000   Code   RO        10470    .ARM.Collect$$libshutdown$$0000000C  c_w.l(libshutdown2.o)
    0x08000246   0x08000246   0x00000000   Code   RO        10472    .ARM.Collect$$libshutdown$$0000000E  c_w.l(libshutdown2.o)
    0x08000246   0x08000246   0x00000000   Code   RO        10475    .ARM.Collect$$libshutdown$$00000011  c_w.l(libshutdown2.o)
    0x08000246   0x08000246   0x00000002   Code   RO        10476    .ARM.Collect$$libshutdown$$00000012  c_w.l(libshutdown2.o)
    0x08000248   0x08000248   0x00000000   Code   RO        10298    .ARM.Collect$$rtentry$$00000000  c_w.l(__rtentry.o)
    0x08000248   0x08000248   0x00000000   Code   RO        10381    .ARM.Collect$$rtentry$$00000002  c_w.l(__rtentry2.o)
    0x08000248   0x08000248   0x00000006   Code   RO        10393    .ARM.Collect$$rtentry$$00000004  c_w.l(__rtentry4.o)
    0x0800024e   0x0800024e   0x00000000   Code   RO        10383    .ARM.Collect$$rtentry$$00000009  c_w.l(__rtentry2.o)
    0x0800024e   0x0800024e   0x00000004   Code   RO        10384    .ARM.Collect$$rtentry$$0000000A  c_w.l(__rtentry2.o)
    0x08000252   0x08000252   0x00000000   Code   RO        10386    .ARM.Collect$$rtentry$$0000000C  c_w.l(__rtentry2.o)
    0x08000252   0x08000252   0x00000008   Code   RO        10387    .ARM.Collect$$rtentry$$0000000D  c_w.l(__rtentry2.o)
    0x0800025a   0x0800025a   0x00000002   Code   RO        10447    .ARM.Collect$$rtexit$$00000000  c_w.l(rtexit.o)
    0x0800025c   0x0800025c   0x00000000   Code   RO        10480    .ARM.Collect$$rtexit$$00000002  c_w.l(rtexit2.o)
    0x0800025c   0x0800025c   0x00000004   Code   RO        10481    .ARM.Collect$$rtexit$$00000003  c_w.l(rtexit2.o)
    0x08000260   0x08000260   0x00000006   Code   RO        10482    .ARM.Collect$$rtexit$$00000004  c_w.l(rtexit2.o)
    0x08000266   0x08000266   0x00000002   PAD
    0x08000268   0x08000268   0x000000be   Code   RO         7740    .emb_text           port.o
    0x08000326   0x08000326   0x00000002   PAD
    0x08000328   0x08000328   0x00000040   Code   RO            4    .text               startup_stm32f407xx.o
    0x08000368   0x08000368   0x000000ee   Code   RO        10274    .text               c_w.l(lludivv7m.o)
    0x08000456   0x08000456   0x0000008a   Code   RO        10280    .text               c_w.l(rt_memcpy_v6.o)
    0x080004e0   0x080004e0   0x00000064   Code   RO        10282    .text               c_w.l(rt_memcpy_w.o)
    0x08000544   0x08000544   0x00000010   Code   RO        10286    .text               c_w.l(aeabi_memset.o)
    0x08000554   0x08000554   0x00000044   Code   RO        10288    .text               c_w.l(rt_memclr.o)
    0x08000598   0x08000598   0x0000004e   Code   RO        10290    .text               c_w.l(rt_memclr_w.o)
    0x080005e6   0x080005e6   0x00000006   Code   RO        10292    .text               c_w.l(heapauxi.o)
    0x080005ec   0x080005ec   0x00000008   Code   RO        10377    .text               c_w.l(libspace.o)
    0x080005f4   0x080005f4   0x00000002   Code   RO        10416    .text               c_w.l(use_no_semi.o)
    0x080005f6   0x080005f6   0x00000000   Code   RO        10418    .text               c_w.l(indicate_semi.o)
    0x080005f6   0x080005f6   0x0000004a   Code   RO        10419    .text               c_w.l(sys_stackheap_outer.o)
    0x08000640   0x08000640   0x00000012   Code   RO        10425    .text               c_w.l(exit.o)
    0x08000652   0x08000652   0x00000002   PAD
    0x08000654   0x08000654   0x0000000c   Code   RO        10445    .text               c_w.l(sys_exit.o)
    0x08000660   0x08000660   0x00000128   Code   RO         3110    i.ADC_Init          stm32f4xx_hal_adc.o
    0x08000788   0x08000788   0x00000002   Code   RO         1262    i.BusFault_Handler  stm32f4xx_it.o
    0x0800078a   0x0800078a   0x00000002   PAD
    0x0800078c   0x0800078c   0x0000000c   Code   RO         1263    i.CAN1_RX0_IRQHandler  stm32f4xx_it.o
    0x08000798   0x08000798   0x0000000c   Code   RO         1264    i.CAN2_RX0_IRQHandler  stm32f4xx_it.o
    0x080007a4   0x080007a4   0x00000004   Code   RO         1205    i.CDC_Control_FS    usbd_cdc_if.o
    0x080007a8   0x080007a8   0x00000004   Code   RO         1206    i.CDC_DeInit_FS     usbd_cdc_if.o
    0x080007ac   0x080007ac   0x00000024   Code   RO         1207    i.CDC_Init_FS       usbd_cdc_if.o
    0x080007d0   0x080007d0   0x00000018   Code   RO         1208    i.CDC_Receive_FS    usbd_cdc_if.o
    0x080007e8   0x080007e8   0x00000004   Code   RO         1209    i.CDC_TransmitCplt_FS  usbd_cdc_if.o
    0x080007ec   0x080007ec   0x0000000c   Code   RO         1265    i.DMA2_Stream1_IRQHandler  stm32f4xx_it.o
    0x080007f8   0x080007f8   0x0000000c   Code   RO         1266    i.DMA2_Stream6_IRQHandler  stm32f4xx_it.o
    0x08000804   0x08000804   0x0000000c   Code   RO         1267    i.DMA2_Stream7_IRQHandler  stm32f4xx_it.o
    0x08000810   0x08000810   0x00000028   Code   RO         2434    i.DMA_CalcBaseAndBitshift  stm32f4xx_hal_dma.o
    0x08000838   0x08000838   0x00000054   Code   RO         2435    i.DMA_CheckFifoParam  stm32f4xx_hal_dma.o
    0x0800088c   0x0800088c   0x00000002   Code   RO         1268    i.DebugMon_Handler  stm32f4xx_it.o
    0x0800088e   0x0800088e   0x00000006   Code   RO         1269    i.EXTI0_IRQHandler  stm32f4xx_it.o
    0x08000894   0x08000894   0x00000006   Code   RO         1270    i.EXTI3_IRQHandler  stm32f4xx_it.o
    0x0800089a   0x0800089a   0x00000006   Code   RO         1271    i.EXTI4_IRQHandler  stm32f4xx_it.o
    0x080008a0   0x080008a0   0x00000006   Code   RO         1272    i.EXTI9_5_IRQHandler  stm32f4xx_it.o
    0x080008a6   0x080008a6   0x00000004   Code   RO           13    i.Error_Handler     main.o
    0x080008aa   0x080008aa   0x00000002   PAD
    0x080008ac   0x080008ac   0x0000014c   Code   RO         3112    i.HAL_ADC_ConfigChannel  stm32f4xx_hal_adc.o
    0x080009f8   0x080009f8   0x00000054   Code   RO         3121    i.HAL_ADC_Init      stm32f4xx_hal_adc.o
    0x08000a4c   0x08000a4c   0x0000007c   Code   RO          384    i.HAL_ADC_MspInit   adc.o
    0x08000ac8   0x08000ac8   0x00000024   Code   RO         3386    i.HAL_CAN_ActivateNotification  stm32f4xx_hal_can.o
    0x08000aec   0x08000aec   0x000000dc   Code   RO         3387    i.HAL_CAN_AddTxMessage  stm32f4xx_hal_can.o
    0x08000bc8   0x08000bc8   0x0000010c   Code   RO         3388    i.HAL_CAN_ConfigFilter  stm32f4xx_hal_can.o
    0x08000cd4   0x08000cd4   0x00000002   Code   RO         3391    i.HAL_CAN_ErrorCallback  stm32f4xx_hal_can.o
    0x08000cd6   0x08000cd6   0x000000e8   Code   RO         3394    i.HAL_CAN_GetRxMessage  stm32f4xx_hal_can.o
    0x08000dbe   0x08000dbe   0x000001fc   Code   RO         3398    i.HAL_CAN_IRQHandler  stm32f4xx_hal_can.o
    0x08000fba   0x08000fba   0x0000011a   Code   RO         3399    i.HAL_CAN_Init      stm32f4xx_hal_can.o
    0x080010d4   0x080010d4   0x000000fc   Code   RO          432    i.HAL_CAN_MspInit   can.o
    0x080011d0   0x080011d0   0x00000002   Code   RO         3406    i.HAL_CAN_RxFifo0FullCallback  stm32f4xx_hal_can.o
    0x080011d2   0x080011d2   0x00000002   PAD
    0x080011d4   0x080011d4   0x00000070   Code   RO         8771    i.HAL_CAN_RxFifo0MsgPendingCallback  communicate.o
    0x08001244   0x08001244   0x00000002   Code   RO         3408    i.HAL_CAN_RxFifo1FullCallback  stm32f4xx_hal_can.o
    0x08001246   0x08001246   0x00000002   Code   RO         3409    i.HAL_CAN_RxFifo1MsgPendingCallback  stm32f4xx_hal_can.o
    0x08001248   0x08001248   0x00000002   Code   RO         3410    i.HAL_CAN_SleepCallback  stm32f4xx_hal_can.o
    0x0800124a   0x0800124a   0x00000002   PAD
    0x0800124c   0x0800124c   0x00000058   Code   RO         3411    i.HAL_CAN_Start     stm32f4xx_hal_can.o
    0x080012a4   0x080012a4   0x00000002   Code   RO         3413    i.HAL_CAN_TxMailbox0AbortCallback  stm32f4xx_hal_can.o
    0x080012a6   0x080012a6   0x00000002   Code   RO         3414    i.HAL_CAN_TxMailbox0CompleteCallback  stm32f4xx_hal_can.o
    0x080012a8   0x080012a8   0x00000002   Code   RO         3415    i.HAL_CAN_TxMailbox1AbortCallback  stm32f4xx_hal_can.o
    0x080012aa   0x080012aa   0x00000002   Code   RO         3416    i.HAL_CAN_TxMailbox1CompleteCallback  stm32f4xx_hal_can.o
    0x080012ac   0x080012ac   0x00000002   Code   RO         3417    i.HAL_CAN_TxMailbox2AbortCallback  stm32f4xx_hal_can.o
    0x080012ae   0x080012ae   0x00000002   Code   RO         3418    i.HAL_CAN_TxMailbox2CompleteCallback  stm32f4xx_hal_can.o
    0x080012b0   0x080012b0   0x00000002   Code   RO         3420    i.HAL_CAN_WakeUpFromRxMsgCallback  stm32f4xx_hal_can.o
    0x080012b2   0x080012b2   0x00000022   Code   RO         3623    i.HAL_CRC_Init      stm32f4xx_hal_crc.o
    0x080012d4   0x080012d4   0x00000028   Code   RO          481    i.HAL_CRC_MspInit   crc.o
    0x080012fc   0x080012fc   0x000001a0   Code   RO         2442    i.HAL_DMA_IRQHandler  stm32f4xx_hal_dma.o
    0x0800149c   0x0800149c   0x000000d4   Code   RO         2443    i.HAL_DMA_Init      stm32f4xx_hal_dma.o
    0x08001570   0x08001570   0x00000024   Code   RO         2856    i.HAL_Delay         stm32f4xx_hal.o
    0x08001594   0x08001594   0x00000002   Code   RO         2328    i.HAL_GPIO_EXTI_Callback  stm32f4xx_hal_gpio.o
    0x08001596   0x08001596   0x00000002   PAD
    0x08001598   0x08001598   0x00000018   Code   RO         2329    i.HAL_GPIO_EXTI_IRQHandler  stm32f4xx_hal_gpio.o
    0x080015b0   0x080015b0   0x000001f0   Code   RO         2330    i.HAL_GPIO_Init     stm32f4xx_hal_gpio.o
    0x080017a0   0x080017a0   0x0000000a   Code   RO         2332    i.HAL_GPIO_ReadPin  stm32f4xx_hal_gpio.o
    0x080017aa   0x080017aa   0x0000000a   Code   RO         2334    i.HAL_GPIO_WritePin  stm32f4xx_hal_gpio.o
    0x080017b4   0x080017b4   0x0000000c   Code   RO         2862    i.HAL_GetTick       stm32f4xx_hal.o
    0x080017c0   0x080017c0   0x00000188   Code   RO         3690    i.HAL_I2C_Init      stm32f4xx_hal_i2c.o
    0x08001948   0x08001948   0x00000158   Code   RO          547    i.HAL_I2C_MspInit   i2c.o
    0x08001aa0   0x08001aa0   0x00000010   Code   RO         2868    i.HAL_IncTick       stm32f4xx_hal.o
    0x08001ab0   0x08001ab0   0x00000034   Code   RO         2869    i.HAL_Init          stm32f4xx_hal.o
    0x08001ae4   0x08001ae4   0x00000040   Code   RO         2870    i.HAL_InitTick      stm32f4xx_hal.o
    0x08001b24   0x08001b24   0x00000038   Code   RO         1386    i.HAL_MspInit       stm32f4xx_hal_msp.o
    0x08001b5c   0x08001b5c   0x0000001a   Code   RO         2719    i.HAL_NVIC_EnableIRQ  stm32f4xx_hal_cortex.o
    0x08001b76   0x08001b76   0x00000002   PAD
    0x08001b78   0x08001b78   0x00000040   Code   RO         2725    i.HAL_NVIC_SetPriority  stm32f4xx_hal_cortex.o
    0x08001bb8   0x08001bb8   0x00000024   Code   RO         2726    i.HAL_NVIC_SetPriorityGrouping  stm32f4xx_hal_cortex.o
    0x08001bdc   0x08001bdc   0x00000002   Code   RO         1637    i.HAL_PCDEx_LPM_Callback  stm32f4xx_hal_pcd_ex.o
    0x08001bde   0x08001bde   0x00000008   Code   RO         1638    i.HAL_PCDEx_SetRxFiFo  stm32f4xx_hal_pcd_ex.o
    0x08001be6   0x08001be6   0x00000044   Code   RO         1639    i.HAL_PCDEx_SetTxFiFo  stm32f4xx_hal_pcd_ex.o
    0x08001c2a   0x08001c2a   0x00000008   Code   RO          912    i.HAL_PCD_ConnectCallback  usbd_conf.o
    0x08001c32   0x08001c32   0x00000012   Code   RO          913    i.HAL_PCD_DataInStageCallback  usbd_conf.o
    0x08001c44   0x08001c44   0x00000014   Code   RO          914    i.HAL_PCD_DataOutStageCallback  usbd_conf.o
    0x08001c58   0x08001c58   0x00000008   Code   RO          915    i.HAL_PCD_DisconnectCallback  usbd_conf.o
    0x08001c60   0x08001c60   0x0000004c   Code   RO         1419    i.HAL_PCD_EP_Close  stm32f4xx_hal_pcd.o
    0x08001cac   0x08001cac   0x0000005c   Code   RO         1420    i.HAL_PCD_EP_ClrStall  stm32f4xx_hal_pcd.o
    0x08001d08   0x08001d08   0x00000012   Code   RO         1422    i.HAL_PCD_EP_GetRxCount  stm32f4xx_hal_pcd.o
    0x08001d1a   0x08001d1a   0x00000060   Code   RO         1423    i.HAL_PCD_EP_Open   stm32f4xx_hal_pcd.o
    0x08001d7a   0x08001d7a   0x00000048   Code   RO         1424    i.HAL_PCD_EP_Receive  stm32f4xx_hal_pcd.o
    0x08001dc2   0x08001dc2   0x00000074   Code   RO         1425    i.HAL_PCD_EP_SetStall  stm32f4xx_hal_pcd.o
    0x08001e36   0x08001e36   0x00000040   Code   RO         1426    i.HAL_PCD_EP_Transmit  stm32f4xx_hal_pcd.o
    0x08001e76   0x08001e76   0x00000002   PAD
    0x08001e78   0x08001e78   0x00000434   Code   RO         1428    i.HAL_PCD_IRQHandler  stm32f4xx_hal_pcd.o
    0x080022ac   0x080022ac   0x00000008   Code   RO          916    i.HAL_PCD_ISOINIncompleteCallback  usbd_conf.o
    0x080022b4   0x080022b4   0x00000008   Code   RO          917    i.HAL_PCD_ISOOUTIncompleteCallback  usbd_conf.o
    0x080022bc   0x080022bc   0x000000e2   Code   RO         1431    i.HAL_PCD_Init      stm32f4xx_hal_pcd.o
    0x0800239e   0x0800239e   0x00000002   PAD
    0x080023a0   0x080023a0   0x00000084   Code   RO          919    i.HAL_PCD_MspInit   usbd_conf.o
    0x08002424   0x08002424   0x0000002c   Code   RO          920    i.HAL_PCD_ResetCallback  usbd_conf.o
    0x08002450   0x08002450   0x00000008   Code   RO          921    i.HAL_PCD_ResumeCallback  usbd_conf.o
    0x08002458   0x08002458   0x00000008   Code   RO          922    i.HAL_PCD_SOFCallback  usbd_conf.o
    0x08002460   0x08002460   0x00000028   Code   RO         1437    i.HAL_PCD_SetAddress  stm32f4xx_hal_pcd.o
    0x08002488   0x08002488   0x0000000e   Code   RO          923    i.HAL_PCD_SetupStageCallback  usbd_conf.o
    0x08002496   0x08002496   0x00000042   Code   RO         1439    i.HAL_PCD_Start     stm32f4xx_hal_pcd.o
    0x080024d8   0x080024d8   0x00000030   Code   RO          924    i.HAL_PCD_SuspendCallback  usbd_conf.o
    0x08002508   0x08002508   0x0000013c   Code   RO         2081    i.HAL_RCCEx_PeriphCLKConfig  stm32f4xx_hal_rcc_ex.o
    0x08002644   0x08002644   0x00000134   Code   RO         1976    i.HAL_RCC_ClockConfig  stm32f4xx_hal_rcc.o
    0x08002778   0x08002778   0x0000000c   Code   RO         1981    i.HAL_RCC_GetHCLKFreq  stm32f4xx_hal_rcc.o
    0x08002784   0x08002784   0x00000020   Code   RO         1983    i.HAL_RCC_GetPCLK1Freq  stm32f4xx_hal_rcc.o
    0x080027a4   0x080027a4   0x00000020   Code   RO         1984    i.HAL_RCC_GetPCLK2Freq  stm32f4xx_hal_rcc.o
    0x080027c4   0x080027c4   0x00000064   Code   RO         1985    i.HAL_RCC_GetSysClockFreq  stm32f4xx_hal_rcc.o
    0x08002828   0x08002828   0x0000036c   Code   RO         1988    i.HAL_RCC_OscConfig  stm32f4xx_hal_rcc.o
    0x08002b94   0x08002b94   0x00000032   Code   RO         4138    i.HAL_RNG_Init      stm32f4xx_hal_rng.o
    0x08002bc6   0x08002bc6   0x00000002   PAD
    0x08002bc8   0x08002bc8   0x00000028   Code   RO          601    i.HAL_RNG_MspInit   rng.o
    0x08002bf0   0x08002bf0   0x000000ac   Code   RO         4244    i.HAL_RTC_Init      stm32f4xx_hal_rtc.o
    0x08002c9c   0x08002c9c   0x0000003c   Code   RO          643    i.HAL_RTC_MspInit   rtc.o
    0x08002cd8   0x08002cd8   0x00000036   Code   RO         4252    i.HAL_RTC_WaitForSynchro  stm32f4xx_hal_rtc.o
    0x08002d0e   0x08002d0e   0x000000bc   Code   RO         4637    i.HAL_SPI_Init      stm32f4xx_hal_spi.o
    0x08002dca   0x08002dca   0x00000002   PAD
    0x08002dcc   0x08002dcc   0x00000148   Code   RO          685    i.HAL_SPI_MspInit   spi.o
    0x08002f14   0x08002f14   0x00000028   Code   RO         2730    i.HAL_SYSTICK_Config  stm32f4xx_hal_cortex.o
    0x08002f3c   0x08002f3c   0x00000054   Code   RO         5657    i.HAL_TIMEx_ConfigBreakDeadTime  stm32f4xx_hal_tim_ex.o
    0x08002f90   0x08002f90   0x00000090   Code   RO         5673    i.HAL_TIMEx_MasterConfigSynchronization  stm32f4xx_hal_tim_ex.o
    0x08003020   0x08003020   0x0000005a   Code   RO         4950    i.HAL_TIM_Base_Init  stm32f4xx_hal_tim.o
    0x0800307a   0x0800307a   0x00000002   PAD
    0x0800307c   0x0800307c   0x000000ac   Code   RO          733    i.HAL_TIM_Base_MspInit  tim.o
    0x08003128   0x08003128   0x00000078   Code   RO         4953    i.HAL_TIM_Base_Start  stm32f4xx_hal_tim.o
    0x080031a0   0x080031a0   0x000000dc   Code   RO         4959    i.HAL_TIM_ConfigClockSource  stm32f4xx_hal_tim.o
    0x0800327c   0x0800327c   0x00000164   Code   RO          734    i.HAL_TIM_MspPostInit  tim.o
    0x080033e0   0x080033e0   0x000000cc   Code   RO         5022    i.HAL_TIM_PWM_ConfigChannel  stm32f4xx_hal_tim.o
    0x080034ac   0x080034ac   0x0000005a   Code   RO         5025    i.HAL_TIM_PWM_Init  stm32f4xx_hal_tim.o
    0x08003506   0x08003506   0x00000002   Code   RO         5027    i.HAL_TIM_PWM_MspInit  stm32f4xx_hal_tim.o
    0x08003508   0x08003508   0x00000062   Code   RO         5950    i.HAL_UART_Init     stm32f4xx_hal_uart.o
    0x0800356a   0x0800356a   0x00000002   PAD
    0x0800356c   0x0800356c   0x00000224   Code   RO          811    i.HAL_UART_MspInit  usart.o
    0x08003790   0x08003790   0x00000002   Code   RO         1273    i.HardFault_Handler  stm32f4xx_it.o
    0x08003792   0x08003792   0x00000002   PAD
    0x08003794   0x08003794   0x00000038   Code   RO         1119    i.IntToUnicode      usbd_desc.o
    0x080037cc   0x080037cc   0x00000064   Code   RO          385    i.MX_ADC1_Init      adc.o
    0x08003830   0x08003830   0x00000064   Code   RO          386    i.MX_ADC3_Init      adc.o
    0x08003894   0x08003894   0x00000044   Code   RO          433    i.MX_CAN1_Init      can.o
    0x080038d8   0x080038d8   0x00000044   Code   RO          434    i.MX_CAN2_Init      can.o
    0x0800391c   0x0800391c   0x00000024   Code   RO          482    i.MX_CRC_Init       crc.o
    0x08003940   0x08003940   0x0000009c   Code   RO          522    i.MX_DMA_Init       dma.o
    0x080039dc   0x080039dc   0x0000003c   Code   RO          315    i.MX_FREERTOS_Init  freertos.o
    0x08003a18   0x08003a18   0x000001c8   Code   RO          291    i.MX_GPIO_Init      gpio.o
    0x08003be0   0x08003be0   0x00000040   Code   RO          548    i.MX_I2C1_Init      i2c.o
    0x08003c20   0x08003c20   0x00000040   Code   RO          549    i.MX_I2C2_Init      i2c.o
    0x08003c60   0x08003c60   0x00000040   Code   RO          550    i.MX_I2C3_Init      i2c.o
    0x08003ca0   0x08003ca0   0x00000024   Code   RO          602    i.MX_RNG_Init       rng.o
    0x08003cc4   0x08003cc4   0x00000038   Code   RO          644    i.MX_RTC_Init       rtc.o
    0x08003cfc   0x08003cfc   0x00000048   Code   RO          686    i.MX_SPI1_Init      spi.o
    0x08003d44   0x08003d44   0x00000048   Code   RO          687    i.MX_SPI2_Init      spi.o
    0x08003d8c   0x08003d8c   0x00000064   Code   RO          735    i.MX_TIM10_Init     tim.o
    0x08003df0   0x08003df0   0x000000fc   Code   RO          736    i.MX_TIM1_Init      tim.o
    0x08003eec   0x08003eec   0x00000098   Code   RO          737    i.MX_TIM3_Init      tim.o
    0x08003f84   0x08003f84   0x00000098   Code   RO          738    i.MX_TIM4_Init      tim.o
    0x0800401c   0x0800401c   0x000000b8   Code   RO          739    i.MX_TIM5_Init      tim.o
    0x080040d4   0x080040d4   0x000000dc   Code   RO          740    i.MX_TIM8_Init      tim.o
    0x080041b0   0x080041b0   0x00000038   Code   RO          812    i.MX_USART1_UART_Init  usart.o
    0x080041e8   0x080041e8   0x00000040   Code   RO          813    i.MX_USART3_UART_Init  usart.o
    0x08004228   0x08004228   0x00000038   Code   RO          814    i.MX_USART6_UART_Init  usart.o
    0x08004260   0x08004260   0x00000054   Code   RO          864    i.MX_USB_DEVICE_Init  usb_device.o
    0x080042b4   0x080042b4   0x00000002   Code   RO         1274    i.MemManage_Handler  stm32f4xx_it.o
    0x080042b6   0x080042b6   0x00000002   Code   RO         1275    i.NMI_Handler       stm32f4xx_it.o
    0x080042b8   0x080042b8   0x0000000c   Code   RO         1276    i.OTG_FS_IRQHandler  stm32f4xx_it.o
    0x080042c4   0x080042c4   0x000000cc   Code   RO         1443    i.PCD_EP_OutXfrComplete_int  stm32f4xx_hal_pcd.o
    0x08004390   0x08004390   0x000000a2   Code   RO         1444    i.PCD_WriteEmptyTxFifo  stm32f4xx_hal_pcd.o
    0x08004432   0x08004432   0x00000002   PAD
    0x08004434   0x08004434   0x00000060   Code   RO        10127    i.RC_Init           bsp_rc.o
    0x08004494   0x08004494   0x0000003a   Code   RO         4255    i.RTC_EnterInitMode  stm32f4xx_hal_rtc.o
    0x080044ce   0x080044ce   0x0000000a   Code   RO         7958    i.SWAPBYTE          usbd_ctlreq.o
    0x080044d8   0x080044d8   0x00000018   Code   RO         1277    i.SysTick_Handler   stm32f4xx_it.o
    0x080044f0   0x080044f0   0x00000094   Code   RO           14    i.SystemClock_Config  main.o
    0x08004584   0x08004584   0x00000010   Code   RO         6279    i.SystemInit        system_stm32f4xx.o
    0x08004594   0x08004594   0x00000004   Code   RO         8197    i.System_Resource_Init  system_config.o
    0x08004598   0x08004598   0x000000c8   Code   RO         5043    i.TIM_Base_SetConfig  stm32f4xx_hal_tim.o
    0x08004660   0x08004660   0x00000014   Code   RO         5054    i.TIM_ETR_SetConfig  stm32f4xx_hal_tim.o
    0x08004674   0x08004674   0x00000010   Code   RO         5055    i.TIM_ITRx_SetConfig  stm32f4xx_hal_tim.o
    0x08004684   0x08004684   0x00000060   Code   RO         5056    i.TIM_OC1_SetConfig  stm32f4xx_hal_tim.o
    0x080046e4   0x080046e4   0x0000006c   Code   RO         5057    i.TIM_OC2_SetConfig  stm32f4xx_hal_tim.o
    0x08004750   0x08004750   0x00000068   Code   RO         5058    i.TIM_OC3_SetConfig  stm32f4xx_hal_tim.o
    0x080047b8   0x080047b8   0x00000050   Code   RO         5059    i.TIM_OC4_SetConfig  stm32f4xx_hal_tim.o
    0x08004808   0x08004808   0x00000022   Code   RO         5061    i.TIM_TI1_ConfigInputStage  stm32f4xx_hal_tim.o
    0x0800482a   0x0800482a   0x00000024   Code   RO         5063    i.TIM_TI2_ConfigInputStage  stm32f4xx_hal_tim.o
    0x0800484e   0x0800484e   0x00000002   PAD
    0x08004850   0x08004850   0x0000008c   Code   RO         8198    i.Task_start        system_config.o
    0x080048dc   0x080048dc   0x0000010c   Code   RO         5976    i.UART_SetConfig    stm32f4xx_hal_uart.o
    0x080049e8   0x080049e8   0x000000cc   Code   RO         8772    i.USART3_IRQHandler  communicate.o
    0x08004ab4   0x08004ab4   0x00000090   Code   RO         8773    i.USART6_IRQHandler  communicate.o
    0x08004b44   0x08004b44   0x00000062   Code   RO         8091    i.USBD_CDC_DataIn   usbd_cdc.o
    0x08004ba6   0x08004ba6   0x0000002a   Code   RO         8092    i.USBD_CDC_DataOut  usbd_cdc.o
    0x08004bd0   0x08004bd0   0x00000048   Code   RO         8093    i.USBD_CDC_DeInit   usbd_cdc.o
    0x08004c18   0x08004c18   0x0000002e   Code   RO         8094    i.USBD_CDC_EP0_RxReady  usbd_cdc.o
    0x08004c46   0x08004c46   0x00000002   PAD
    0x08004c48   0x08004c48   0x0000000c   Code   RO         8095    i.USBD_CDC_GetDeviceQualifierDescriptor  usbd_cdc.o
    0x08004c54   0x08004c54   0x0000000c   Code   RO         8096    i.USBD_CDC_GetFSCfgDesc  usbd_cdc.o
    0x08004c60   0x08004c60   0x0000000c   Code   RO         8097    i.USBD_CDC_GetHSCfgDesc  usbd_cdc.o
    0x08004c6c   0x08004c6c   0x0000000c   Code   RO         8098    i.USBD_CDC_GetOtherSpeedCfgDesc  usbd_cdc.o
    0x08004c78   0x08004c78   0x000000a2   Code   RO         8099    i.USBD_CDC_Init     usbd_cdc.o
    0x08004d1a   0x08004d1a   0x00000028   Code   RO         8100    i.USBD_CDC_ReceivePacket  usbd_cdc.o
    0x08004d42   0x08004d42   0x0000000e   Code   RO         8101    i.USBD_CDC_RegisterInterface  usbd_cdc.o
    0x08004d50   0x08004d50   0x00000012   Code   RO         8102    i.USBD_CDC_SetRxBuffer  usbd_cdc.o
    0x08004d62   0x08004d62   0x00000016   Code   RO         8103    i.USBD_CDC_SetTxBuffer  usbd_cdc.o
    0x08004d78   0x08004d78   0x000000be   Code   RO         8104    i.USBD_CDC_Setup    usbd_cdc.o
    0x08004e36   0x08004e36   0x00000010   Code   RO         7820    i.USBD_ClrClassConfig  usbd_core.o
    0x08004e46   0x08004e46   0x00000010   Code   RO         8031    i.USBD_CtlContinueRx  usbd_ioreq.o
    0x08004e56   0x08004e56   0x00000010   Code   RO         8032    i.USBD_CtlContinueSendData  usbd_ioreq.o
    0x08004e66   0x08004e66   0x00000016   Code   RO         7959    i.USBD_CtlError     usbd_ctlreq.o
    0x08004e7c   0x08004e7c   0x0000001e   Code   RO         8033    i.USBD_CtlPrepareRx  usbd_ioreq.o
    0x08004e9a   0x08004e9a   0x00000016   Code   RO         8034    i.USBD_CtlReceiveStatus  usbd_ioreq.o
    0x08004eb0   0x08004eb0   0x0000001a   Code   RO         8035    i.USBD_CtlSendData  usbd_ioreq.o
    0x08004eca   0x08004eca   0x00000016   Code   RO         8036    i.USBD_CtlSendStatus  usbd_ioreq.o
    0x08004ee0   0x08004ee0   0x00000020   Code   RO         1120    i.USBD_FS_ConfigStrDescriptor  usbd_desc.o
    0x08004f00   0x08004f00   0x0000000c   Code   RO         1121    i.USBD_FS_DeviceDescriptor  usbd_desc.o
    0x08004f0c   0x08004f0c   0x00000024   Code   RO         1122    i.USBD_FS_InterfaceStrDescriptor  usbd_desc.o
    0x08004f30   0x08004f30   0x0000000c   Code   RO         1123    i.USBD_FS_LangIDStrDescriptor  usbd_desc.o
    0x08004f3c   0x08004f3c   0x00000028   Code   RO         1124    i.USBD_FS_ManufacturerStrDescriptor  usbd_desc.o
    0x08004f64   0x08004f64   0x0000002c   Code   RO         1125    i.USBD_FS_ProductStrDescriptor  usbd_desc.o
    0x08004f90   0x08004f90   0x00000038   Code   RO         1126    i.USBD_FS_SerialStrDescriptor  usbd_desc.o
    0x08004fc8   0x08004fc8   0x000000e6   Code   RO         7960    i.USBD_GetDescriptor  usbd_ctlreq.o
    0x080050ae   0x080050ae   0x00000048   Code   RO         7961    i.USBD_GetString    usbd_ctlreq.o
    0x080050f6   0x080050f6   0x00000018   Code   RO          925    i.USBD_Get_USB_Status  usbd_conf.o
    0x0800510e   0x0800510e   0x00000026   Code   RO         7822    i.USBD_Init         usbd_core.o
    0x08005134   0x08005134   0x00000012   Code   RO          926    i.USBD_LL_ClearStallEP  usbd_conf.o
    0x08005146   0x08005146   0x00000012   Code   RO          927    i.USBD_LL_CloseEP   usbd_conf.o
    0x08005158   0x08005158   0x000000a8   Code   RO         7823    i.USBD_LL_DataInStage  usbd_core.o
    0x08005200   0x08005200   0x0000006c   Code   RO         7824    i.USBD_LL_DataOutStage  usbd_core.o
    0x0800526c   0x0800526c   0x00000004   Code   RO         7825    i.USBD_LL_DevConnected  usbd_core.o
    0x08005270   0x08005270   0x00000018   Code   RO         7826    i.USBD_LL_DevDisconnected  usbd_core.o
    0x08005288   0x08005288   0x00000008   Code   RO          931    i.USBD_LL_GetRxDataSize  usbd_conf.o
    0x08005290   0x08005290   0x00000060   Code   RO          932    i.USBD_LL_Init      usbd_conf.o
    0x080052f0   0x080052f0   0x00000020   Code   RO          933    i.USBD_LL_IsStallEP  usbd_conf.o
    0x08005310   0x08005310   0x00000020   Code   RO         7827    i.USBD_LL_IsoINIncomplete  usbd_core.o
    0x08005330   0x08005330   0x00000020   Code   RO         7828    i.USBD_LL_IsoOUTIncomplete  usbd_core.o
    0x08005350   0x08005350   0x00000018   Code   RO          934    i.USBD_LL_OpenEP    usbd_conf.o
    0x08005368   0x08005368   0x00000012   Code   RO          935    i.USBD_LL_PrepareReceive  usbd_conf.o
    0x0800537a   0x0800537a   0x0000005a   Code   RO         7829    i.USBD_LL_Reset     usbd_core.o
    0x080053d4   0x080053d4   0x00000014   Code   RO         7830    i.USBD_LL_Resume    usbd_core.o
    0x080053e8   0x080053e8   0x00000020   Code   RO         7831    i.USBD_LL_SOF       usbd_core.o
    0x08005408   0x08005408   0x00000006   Code   RO         7832    i.USBD_LL_SetSpeed  usbd_core.o
    0x0800540e   0x0800540e   0x00000012   Code   RO          936    i.USBD_LL_SetUSBAddress  usbd_conf.o
    0x08005420   0x08005420   0x00000060   Code   RO         7833    i.USBD_LL_SetupStage  usbd_core.o
    0x08005480   0x08005480   0x00000012   Code   RO          937    i.USBD_LL_StallEP   usbd_conf.o
    0x08005492   0x08005492   0x00000012   Code   RO          938    i.USBD_LL_Start     usbd_conf.o
    0x080054a4   0x080054a4   0x00000012   Code   RO         7834    i.USBD_LL_Suspend   usbd_core.o
    0x080054b6   0x080054b6   0x00000012   Code   RO          940    i.USBD_LL_Transmit  usbd_conf.o
    0x080054c8   0x080054c8   0x0000002c   Code   RO         7962    i.USBD_ParseSetupRequest  usbd_ctlreq.o
    0x080054f4   0x080054f4   0x00000024   Code   RO         7835    i.USBD_RegisterClass  usbd_core.o
    0x08005518   0x08005518   0x00000014   Code   RO         7837    i.USBD_SetClassConfig  usbd_core.o
    0x0800552c   0x0800552c   0x000000bc   Code   RO         7963    i.USBD_SetConfig    usbd_ctlreq.o
    0x080055e8   0x080055e8   0x00000004   Code   RO         7838    i.USBD_Start        usbd_core.o
    0x080055ec   0x080055ec   0x00000114   Code   RO         7964    i.USBD_StdDevReq    usbd_ctlreq.o
    0x08005700   0x08005700   0x00000140   Code   RO         7965    i.USBD_StdEPReq     usbd_ctlreq.o
    0x08005840   0x08005840   0x00000052   Code   RO         7966    i.USBD_StdItfReq    usbd_ctlreq.o
    0x08005892   0x08005892   0x00000002   Code   RO          941    i.USBD_static_free  usbd_conf.o
    0x08005894   0x08005894   0x00000008   Code   RO          942    i.USBD_static_malloc  usbd_conf.o
    0x0800589c   0x0800589c   0x00000080   Code   RO         1679    i.USB_ActivateEndpoint  stm32f4xx_ll_usb.o
    0x0800591c   0x0800591c   0x0000001c   Code   RO         1681    i.USB_ActivateSetup  stm32f4xx_ll_usb.o
    0x08005938   0x08005938   0x00000074   Code   RO         1683    i.USB_CoreInit      stm32f4xx_ll_usb.o
    0x080059ac   0x080059ac   0x00000040   Code   RO         1684    i.USB_CoreReset     stm32f4xx_ll_usb.o
    0x080059ec   0x080059ec   0x000000cc   Code   RO         1687    i.USB_DeactivateEndpoint  stm32f4xx_ll_usb.o
    0x08005ab8   0x08005ab8   0x0000001c   Code   RO         1688    i.USB_DevConnect    stm32f4xx_ll_usb.o
    0x08005ad4   0x08005ad4   0x0000001c   Code   RO         1689    i.USB_DevDisconnect  stm32f4xx_ll_usb.o
    0x08005af0   0x08005af0   0x00000174   Code   RO         1690    i.USB_DevInit       stm32f4xx_ll_usb.o
    0x08005c64   0x08005c64   0x0000000c   Code   RO         1691    i.USB_DisableGlobalInt  stm32f4xx_ll_usb.o
    0x08005c70   0x08005c70   0x00000118   Code   RO         1694    i.USB_EP0StartXfer  stm32f4xx_ll_usb.o
    0x08005d88   0x08005d88   0x00000058   Code   RO         1695    i.USB_EP0_OutStart  stm32f4xx_ll_usb.o
    0x08005de0   0x08005de0   0x00000058   Code   RO         1696    i.USB_EPClearStall  stm32f4xx_ll_usb.o
    0x08005e38   0x08005e38   0x00000058   Code   RO         1697    i.USB_EPSetStall    stm32f4xx_ll_usb.o
    0x08005e90   0x08005e90   0x000001e8   Code   RO         1698    i.USB_EPStartXfer   stm32f4xx_ll_usb.o
    0x08006078   0x08006078   0x0000000c   Code   RO         1699    i.USB_EnableGlobalInt  stm32f4xx_ll_usb.o
    0x08006084   0x08006084   0x00000028   Code   RO         1700    i.USB_FlushRxFifo   stm32f4xx_ll_usb.o
    0x080060ac   0x080060ac   0x0000002c   Code   RO         1701    i.USB_FlushTxFifo   stm32f4xx_ll_usb.o
    0x080060d8   0x080060d8   0x0000001a   Code   RO         1703    i.USB_GetDevSpeed   stm32f4xx_ll_usb.o
    0x080060f2   0x080060f2   0x00000008   Code   RO         1705    i.USB_GetMode       stm32f4xx_ll_usb.o
    0x080060fa   0x080060fa   0x0000000e   Code   RO         1712    i.USB_ReadDevAllInEpInterrupt  stm32f4xx_ll_usb.o
    0x08006108   0x08006108   0x0000000e   Code   RO         1713    i.USB_ReadDevAllOutEpInterrupt  stm32f4xx_ll_usb.o
    0x08006116   0x08006116   0x00000024   Code   RO         1714    i.USB_ReadDevInEPInterrupt  stm32f4xx_ll_usb.o
    0x0800613a   0x0800613a   0x00000010   Code   RO         1715    i.USB_ReadDevOutEPInterrupt  stm32f4xx_ll_usb.o
    0x0800614a   0x0800614a   0x00000008   Code   RO         1716    i.USB_ReadInterrupts  stm32f4xx_ll_usb.o
    0x08006152   0x08006152   0x0000003e   Code   RO         1717    i.USB_ReadPacket    stm32f4xx_ll_usb.o
    0x08006190   0x08006190   0x0000005c   Code   RO         1719    i.USB_SetCurrentMode  stm32f4xx_ll_usb.o
    0x080061ec   0x080061ec   0x00000022   Code   RO         1720    i.USB_SetDevAddress  stm32f4xx_ll_usb.o
    0x0800620e   0x0800620e   0x00000002   PAD
    0x08006210   0x08006210   0x000000e8   Code   RO         1722    i.USB_SetTurnaroundTime  stm32f4xx_ll_usb.o
    0x080062f8   0x080062f8   0x00000028   Code   RO         1725    i.USB_WritePacket   stm32f4xx_ll_usb.o
    0x08006320   0x08006320   0x00000002   Code   RO         1278    i.UsageFault_Handler  stm32f4xx_it.o
    0x08006322   0x08006322   0x00000002   PAD
    0x08006324   0x08006324   0x00000050   Code   RO         8653    i._Z11detect_hookh  detect_task.o
    0x08006374   0x08006374   0x00000024   Code   RO         8438    i._Z12my_test_taskPv  my_test_task.o
    0x08006398   0x08006398   0x0000004c   Code   RO         8707    i._Z13arm_ctrl_taskPv  arm_ctrl_task.o
    0x080063e4   0x080063e4   0x00000034   Code   RO         8590    i._Z16communicate_taskPv  communicate_task.o
    0x08006418   0x08006418   0x0000006c   Code   RO         9090    i._ZN11Can_receive17send_rc_board_comEssst  can_receive.o
    0x08006484   0x08006484   0x00000060   Code   RO         9091    i._ZN11Can_receive17send_ss_state_comEhhsh  can_receive.o
    0x080064e4   0x080064e4   0x00000060   Code   RO         9092    i._ZN11Can_receive19send_high_state_comEhhhh  can_receive.o
    0x08006544   0x08006544   0x00000054   Code   RO         9093    i._ZN11Can_receive19send_lift_auto_modeEa  can_receive.o
    0x08006598   0x08006598   0x0000000a   Code   RO         9095    i._ZN11Can_receive23receive_lift_auto_stateEPh  can_receive.o
    0x080065a2   0x080065a2   0x0000000a   Code   RO         9097    i._ZN11Can_receive29get_elbow_motor_measure_pointEh  can_receive.o
    0x080065ac   0x080065ac   0x0000000c   Code   RO         9098    i._ZN11Can_receive32get_terminal_motor_measure_pointEh  can_receive.o
    0x080065b8   0x080065b8   0x00000004   Code   RO         9099    i._ZN11Can_receive4initEv  can_receive.o
    0x080065bc   0x080065bc   0x00000054   Code   RO         8774    i._ZN11Communicate3runEv  communicate.o
    0x08006610   0x08006610   0x0000001c   Code   RO         8775    i._ZN11Communicate4initEv  communicate.o
    0x0800662c   0x0800662c   0x00000004   Code   RO         9062    i._ZN11Joint_motor4initEPK15motor_measure_t  motor.o
    0x08006630   0x08006630   0x00000048   Code   RO         9284    i._ZN14Remote_control14sbus_to_usart1Eh  remote_control.o
    0x08006678   0x08006678   0x00000004   Code   RO         9287    i._ZN14Remote_control24get_remote_control_pointEv  remote_control.o
    0x0800667c   0x0800667c   0x00000004   Code   RO         9288    i._ZN14Remote_control29get_last_remote_control_pointEv  remote_control.o
    0x08006680   0x08006680   0x00000014   Code   RO         9289    i._ZN14Remote_control4initEv  remote_control.o
    0x08006694   0x08006694   0x000000a8   Code   RO         9291    i._ZN14Remote_control6unpackEh  remote_control.o
    0x0800673c   0x0800673c   0x0000004c   Code   RO         9017    i._ZN3Pid4initE10pid_mode_ePKfPfS3_f  pid.o
    0x08006788   0x08006788   0x000000b2   Code   RO         9018    i._ZN3Pid8pid_calcEv  pid.o
    0x0800683a   0x0800683a   0x00000002   PAD
    0x0800683c   0x0800683c   0x00000030   Code   RO         9019    i._ZN3Pid9pid_clearEv  pid.o
    0x0800686c   0x0800686c   0x00000002   Code   RO         8851    i._ZN4AUTO16auto_control_setEv  auto.o
    0x0800686e   0x0800686e   0x00000002   Code   RO         8852    i._ZN4AUTO20motor_status_measureEv  auto.o
    0x08006870   0x08006870   0x00000002   Code   RO         8853    i._ZN4AUTO4initEv   auto.o
    0x08006872   0x08006872   0x000000ca   Code   RO         8913    i._ZN8Arm_ctrl11set_controlEv  arm_ctrl.o
    0x0800693c   0x0800693c   0x000000e4   Code   RO         8914    i._ZN8Arm_ctrl15feedback_updateEv  arm_ctrl.o
    0x08006a20   0x08006a20   0x00000050   Code   RO         8916    i._ZN8Arm_ctrl17motor_set_controlEP11Joint_motor  arm_ctrl.o
    0x08006a70   0x08006a70   0x0000005e   Code   RO         8917    i._ZN8Arm_ctrl18behaviour_mode_setEv  arm_ctrl.o
    0x08006ace   0x08006ace   0x00000002   PAD
    0x08006ad0   0x08006ad0   0x0000009c   Code   RO         8918    i._ZN8Arm_ctrl20arm_open_set_controlEPfS0_S0_S0_S0_  arm_ctrl.o
    0x08006b6c   0x08006b6c   0x00000054   Code   RO         8919    i._ZN8Arm_ctrl21behaviour_control_setEPfS0_S0_S0_S0_  arm_ctrl.o
    0x08006bc0   0x08006bc0   0x000001e8   Code   RO         8920    i._ZN8Arm_ctrl4initEv  arm_ctrl.o
    0x08006da8   0x08006da8   0x00000030   Code   RO         8921    i._ZN8Arm_ctrl5solveEv  arm_ctrl.o
    0x08006dd8   0x08006dd8   0x00000002   Code   RO         8922    i._ZN8Arm_ctrl6outputEv  arm_ctrl.o
    0x08006dda   0x08006dda   0x00000004   Code   RO         8923    i._ZN8Arm_ctrl8set_modeEv  arm_ctrl.o
    0x08006dde   0x08006dde   0x00000020   Code   RO         2732    i.__NVIC_SetPriority  stm32f4xx_hal_cortex.o
    0x08006dfe   0x08006dfe   0x00000002   PAD
    0x08006e00   0x08006e00   0x00000058   Code   RO        10029    i.can_filter_init   bsp_can.o
    0x08006e58   0x08006e58   0x00000028   Code   RO        10057    i.delay_init        bsp_delay.o
    0x08006e80   0x08006e80   0x0000007c   Code   RO         9673    i.fifo_s_puts       fifo.o
    0x08006efc   0x08006efc   0x00000084   Code   RO           15    i.main              main.o
    0x08006f80   0x08006f80   0x0000000c   Code   RO         7306    i.makeFreeRtosPriority  cmsis_os.o
    0x08006f8c   0x08006f8c   0x0000000e   Code   RO         7308    i.osDelay           cmsis_os.o
    0x08006f9a   0x08006f9a   0x0000000a   Code   RO         7311    i.osKernelStart     cmsis_os.o
    0x08006fa4   0x08006fa4   0x00000054   Code   RO         7345    i.osThreadCreate    cmsis_os.o
    0x08006ff8   0x08006ff8   0x0000000a   Code   RO         7356    i.osThreadTerminate  cmsis_os.o
    0x08007002   0x08007002   0x00000002   PAD
    0x08007004   0x08007004   0x00000078   Code   RO         6800    i.prvAddCurrentTaskToDelayedList  tasks.o
    0x0800707c   0x0800707c   0x000000d0   Code   RO         6801    i.prvAddNewTaskToReadyList  tasks.o
    0x0800714c   0x0800714c   0x00000058   Code   RO         7148    i.prvCheckForValidListAndQueue  timers.o
    0x080071a4   0x080071a4   0x00000026   Code   RO         6457    i.prvCopyDataFromQueue  queue.o
    0x080071ca   0x080071ca   0x0000006c   Code   RO         6458    i.prvCopyDataToQueue  queue.o
    0x08007236   0x08007236   0x00000034   Code   RO         6802    i.prvDeleteTCB      tasks.o
    0x0800726a   0x0800726a   0x00000002   PAD
    0x0800726c   0x0800726c   0x0000004c   Code   RO         7685    i.prvHeapInit       heap_4.o
    0x080072b8   0x080072b8   0x00000060   Code   RO         6803    i.prvIdleTask       tasks.o
    0x08007318   0x08007318   0x00000016   Code   RO         6460    i.prvInitialiseNewQueue  queue.o
    0x0800732e   0x0800732e   0x00000002   PAD
    0x08007330   0x08007330   0x000000b4   Code   RO         6804    i.prvInitialiseNewTask  tasks.o
    0x080073e4   0x080073e4   0x0000004c   Code   RO         7686    i.prvInsertBlockIntoFreeList  heap_4.o
    0x08007430   0x08007430   0x00000038   Code   RO         7150    i.prvInsertTimerInActiveList  timers.o
    0x08007468   0x08007468   0x0000001c   Code   RO         6461    i.prvIsQueueEmpty   queue.o
    0x08007484   0x08007484   0x000000fc   Code   RO         7151    i.prvProcessReceivedCommands  timers.o
    0x08007580   0x08007580   0x000000c0   Code   RO         7152    i.prvProcessTimerOrBlockTask  timers.o
    0x08007640   0x08007640   0x00000020   Code   RO         6805    i.prvResetNextTaskUnblockTime  tasks.o
    0x08007660   0x08007660   0x00000028   Code   RO         7153    i.prvSampleTimeNow  timers.o
    0x08007688   0x08007688   0x0000006c   Code   RO         7154    i.prvSwitchTimerLists  timers.o
    0x080076f4   0x080076f4   0x00000028   Code   RO         7741    i.prvTaskExitError  port.o
    0x0800771c   0x0800771c   0x00000024   Code   RO         7155    i.prvTimerTask      timers.o
    0x08007740   0x08007740   0x0000006a   Code   RO         6462    i.prvUnlockQueue    queue.o
    0x080077aa   0x080077aa   0x00000002   PAD
    0x080077ac   0x080077ac   0x000000dc   Code   RO         7687    i.pvPortMalloc      heap_4.o
    0x08007888   0x08007888   0x0000002c   Code   RO         7742    i.pxPortInitialiseStack  port.o
    0x080078b4   0x080078b4   0x00000018   Code   RO          316    i.start_task        freertos.o
    0x080078cc   0x080078cc   0x0000000e   Code   RO          317    i.test_task         freertos.o
    0x080078da   0x080078da   0x00000002   PAD
    0x080078dc   0x080078dc   0x00000064   Code   RO        10167    i.usart1_tx_dma_enable  bsp_usart.o
    0x08007940   0x08007940   0x00000048   Code   RO        10168    i.usart1_tx_dma_init  bsp_usart.o
    0x08007988   0x08007988   0x00000026   Code   RO         6417    i.uxListRemove      list.o
    0x080079ae   0x080079ae   0x00000002   PAD
    0x080079b0   0x080079b0   0x00000014   Code   RO          318    i.vApplicationGetIdleTaskMemory  freertos.o
    0x080079c4   0x080079c4   0x00000018   Code   RO          319    i.vApplicationGetTimerTaskMemory  freertos.o
    0x080079dc   0x080079dc   0x00000016   Code   RO         6418    i.vListInitialise   list.o
    0x080079f2   0x080079f2   0x00000006   Code   RO         6419    i.vListInitialiseItem  list.o
    0x080079f8   0x080079f8   0x00000030   Code   RO         6420    i.vListInsert       list.o
    0x08007a28   0x08007a28   0x00000018   Code   RO         6421    i.vListInsertEnd    list.o
    0x08007a40   0x08007a40   0x00000040   Code   RO         7744    i.vPortEnterCritical  port.o
    0x08007a80   0x08007a80   0x00000028   Code   RO         7745    i.vPortExitCritical  port.o
    0x08007aa8   0x08007aa8   0x00000064   Code   RO         7688    i.vPortFree         heap_4.o
    0x08007b0c   0x08007b0c   0x00000024   Code   RO         7746    i.vPortSetupTimerInterrupt  port.o
    0x08007b30   0x08007b30   0x00000054   Code   RO         7747    i.vPortValidateInterruptPriority  port.o
    0x08007b84   0x08007b84   0x00000028   Code   RO         6466    i.vQueueAddToRegistry  queue.o
    0x08007bac   0x08007bac   0x00000044   Code   RO         6469    i.vQueueWaitForMessageRestricted  queue.o
    0x08007bf0   0x08007bf0   0x0000004c   Code   RO         6816    i.vTaskDelay        tasks.o
    0x08007c3c   0x08007c3c   0x000000ac   Code   RO         6818    i.vTaskDelete       tasks.o
    0x08007ce8   0x08007ce8   0x00000010   Code   RO         6820    i.vTaskInternalSetTimeOutState  tasks.o
    0x08007cf8   0x08007cf8   0x0000000c   Code   RO         6821    i.vTaskMissedYield  tasks.o
    0x08007d04   0x08007d04   0x00000030   Code   RO         6823    i.vTaskPlaceOnEventList  tasks.o
    0x08007d34   0x08007d34   0x00000038   Code   RO         6824    i.vTaskPlaceOnEventListRestricted  tasks.o
    0x08007d6c   0x08007d6c   0x00000088   Code   RO         6831    i.vTaskStartScheduler  tasks.o
    0x08007df4   0x08007df4   0x00000010   Code   RO         6833    i.vTaskSuspendAll   tasks.o
    0x08007e04   0x08007e04   0x0000005c   Code   RO         6834    i.vTaskSwitchContext  tasks.o
    0x08007e60   0x08007e60   0x000000f4   Code   RO         7748    i.xPortStartScheduler  port.o
    0x08007f54   0x08007f54   0x0000002c   Code   RO         7749    i.xPortSysTickHandler  port.o
    0x08007f80   0x08007f80   0x00000066   Code   RO         6473    i.xQueueGenericCreateStatic  queue.o
    0x08007fe6   0x08007fe6   0x00000002   PAD
    0x08007fe8   0x08007fe8   0x00000088   Code   RO         6474    i.xQueueGenericReset  queue.o
    0x08008070   0x08008070   0x00000160   Code   RO         6475    i.xQueueGenericSend  queue.o
    0x080081d0   0x080081d0   0x000000be   Code   RO         6476    i.xQueueGenericSendFromISR  queue.o
    0x0800828e   0x0800828e   0x00000002   PAD
    0x08008290   0x08008290   0x00000138   Code   RO         6484    i.xQueueReceive     queue.o
    0x080083c8   0x080083c8   0x00000088   Code   RO         6837    i.xTaskCheckForTimeOut  tasks.o
    0x08008450   0x08008450   0x0000005a   Code   RO         6838    i.xTaskCreate       tasks.o
    0x080084aa   0x080084aa   0x00000056   Code   RO         6839    i.xTaskCreateStatic  tasks.o
    0x08008500   0x08008500   0x0000001c   Code   RO         6844    i.xTaskGetSchedulerState  tasks.o
    0x0800851c   0x0800851c   0x0000000c   Code   RO         6845    i.xTaskGetTickCount  tasks.o
    0x08008528   0x08008528   0x000000cc   Code   RO         6847    i.xTaskIncrementTick  tasks.o
    0x080085f4   0x080085f4   0x00000098   Code   RO         6850    i.xTaskPriorityDisinherit  tasks.o
    0x0800868c   0x0800868c   0x00000074   Code   RO         6852    i.xTaskRemoveFromEventList  tasks.o
    0x08008700   0x08008700   0x000000c4   Code   RO         6853    i.xTaskResumeAll    tasks.o
    0x080087c4   0x080087c4   0x00000060   Code   RO         7162    i.xTimerCreateTimerTask  timers.o
    0x08008824   0x08008824   0x00000068   Code   RO         7163    i.xTimerGenericCommand  timers.o
    0x0800888c   0x0800888c   0x0000000a   Code   RO        10414    x$fpl$fpinit        fz_wm.l(fpinit.o)
    0x08008896   0x08008896   0x00000002   PAD
    0x08008898   0x08008898   0x00000038   Data   RO          321    .constdata          freertos.o
    0x080088d0   0x080088d0   0x00000008   Data   RO         2449    .constdata          stm32f4xx_hal_dma.o
    0x080088d8   0x080088d8   0x00000010   Data   RO         6280    .constdata          system_stm32f4xx.o
    0x080088e8   0x080088e8   0x00000008   Data   RO         6281    .constdata          system_stm32f4xx.o
    0x080088f0   0x080088f0   0x000000a0   Data   RO         8936    .constdata          arm_ctrl.o
    0x08008990   0x08008990   0x0000000d   Data   RO          322    .conststring        freertos.o
    0x0800899d   0x0800899d   0x00000003   PAD
    0x080089a0   0x080089a0   0x00000020   Data   RO        10505    Region$$Table       anon$$obj.o


    Execution Region RW_IRAM2 (Exec base: 0x10000000, Load base: 0x08008a8c, Size: 0x00000000, Max: 0x00010000, ABSOLUTE)

    **** No section assigned to this execution region ****


    Execution Region RW_IRAM1 (Exec base: 0x20000000, Load base: 0x080089c0, Size: 0x0000def0, Max: 0x00020000, ABSOLUTE, COMPRESSED[0x000000cc])

    Exec Addr    Load Addr    Size         Type   Attr      Idx    E Section Name        Object

    0x20000000   COMPRESSED   0x00000008   Data   RW          323    .data               freertos.o
    0x20000008   COMPRESSED   0x00000004   Data   RW          436    .data               can.o
    0x2000000c   COMPRESSED   0x00000008   Data   RW          483    .data               crc.o
    0x20000014   COMPRESSED   0x0000001c   Data   RW         1128    .data               usbd_desc.o
    0x20000030   COMPRESSED   0x00000032   Data   RW         1129    .data               usbd_desc.o
    0x20000062   COMPRESSED   0x00000002   PAD
    0x20000064   COMPRESSED   0x00000014   Data   RW         1212    .data               usbd_cdc_if.o
    0x20000078   COMPRESSED   0x0000000c   Data   RW         2876    .data               stm32f4xx_hal.o
    0x20000084   COMPRESSED   0x00000004   Data   RW         6282    .data               system_stm32f4xx.o
    0x20000088   COMPRESSED   0x0000003c   Data   RW         6856    .data               tasks.o
    0x200000c4   COMPRESSED   0x00000014   Data   RW         7171    .data               timers.o
    0x200000d8   COMPRESSED   0x00000020   Data   RW         7694    .data               heap_4.o
    0x200000f8   COMPRESSED   0x0000000c   Data   RW         7750    .data               port.o
    0x20000104   COMPRESSED   0x00000001   Data   RW         7967    .data               usbd_ctlreq.o
    0x20000105   COMPRESSED   0x00000003   PAD
    0x20000108   COMPRESSED   0x000000d7   Data   RW         8106    .data               usbd_cdc.o
    0x200001df   COMPRESSED   0x00000001   PAD
    0x200001e0   COMPRESSED   0x00000038   Data   RW         8107    .data               usbd_cdc.o
    0x20000218   COMPRESSED   0x0000000c   Data   RW         8201    .data               system_config.o
    0x20000224   COMPRESSED   0x00000001   Data   RW         8440    .data               my_test_task.o
    0x20000225   COMPRESSED   0x00000001   Data   RW         8592    .data               communicate_task.o
    0x20000226   COMPRESSED   0x00000002   PAD
    0x20000228   COMPRESSED   0x0000000c   Data   RW         8783    .data               communicate.o
    0x20000234   COMPRESSED   0x00000001   Data   RW         8784    .data               communicate.o
    0x20000235   COMPRESSED   0x00000001   PAD
    0x20000236   COMPRESSED   0x0000000a   Data   RW         8937    .data               arm_ctrl.o
    0x20000240   COMPRESSED   0x00000001   Data   RW         9306    .data               remote_control.o
    0x20000241   COMPRESSED   0x00000003   PAD
    0x20000244   COMPRESSED   0x00000008   Data   RW        10060    .data               bsp_delay.o
    0x2000024c        -       0x000006a8   Zero   RW          320    .bss                freertos.o
    0x200008f4        -       0x00000090   Zero   RW          387    .bss                adc.o
    0x20000984        -       0x00000050   Zero   RW          435    .bss                can.o
    0x200009d4        -       0x0000015c   Zero   RW          551    .bss                i2c.o
    0x20000b30        -       0x00000010   Zero   RW          603    .bss                rng.o
    0x20000b40        -       0x00000020   Zero   RW          645    .bss                rtc.o
    0x20000b60        -       0x00000170   Zero   RW          688    .bss                spi.o
    0x20000cd0        -       0x000001b0   Zero   RW          741    .bss                tim.o
    0x20000e80        -       0x0000024c   Zero   RW          815    .bss                usart.o
    0x200010cc        -       0x000002d0   Zero   RW          865    .bss                usb_device.o
    0x2000139c        -       0x00000628   Zero   RW          943    .bss                usbd_conf.o
    0x200019c4        -       0x00000200   Zero   RW         1127    .bss                usbd_desc.o
    0x20001bc4        -       0x00001000   Zero   RW         1211    .bss                usbd_cdc_if.o
    0x20002bc4        -       0x00000040   Zero   RW         6487    .bss                queue.o
    0x20002c04        -       0x000000f0   Zero   RW         6855    .bss                tasks.o
    0x20002cf4        -       0x00000110   Zero   RW         7170    .bss                timers.o
    0x20002e04        -       0x00006000   Zero   RW         7693    .bss                heap_4.o
    0x20008e04        -       0x000002f4   Zero   RW         8663    .bss                detect_task.o
    0x200090f8        -       0x00000938   Zero   RW         8781    .bss                communicate.o
    0x20009a30        -       0x00000014   Zero   RW         8857    .bss                auto.o
    0x20009a44        -       0x00000304   Zero   RW         8935    .bss                arm_ctrl.o
    0x20009d48        -       0x00000014   Zero   RW         9305    .bss                remote_control.o
    0x20009d5c        -       0x00000134   Zero   RW         9547    .bss                ui.o
    0x20009e90        -       0x00000060   Zero   RW        10378    .bss                c_w.l(libspace.o)
    0x20009ef0        -       0x00002000   Zero   RW            2    HEAP                startup_stm32f407xx.o
    0x2000bef0        -       0x00002000   Zero   RW            1    STACK               startup_stm32f407xx.o


==============================================================================

Image component sizes


      Code (inc. data)   RO Data    RW Data    ZI Data      Debug   Object Name

       324         40          0          0        144       2558   adc.o
      1386         42        160         10        772      14294   arm_ctrl.o
        76          8          0          0          0      12687   arm_ctrl_task.o
         6          0          0          0         20       4763   auto.o
        88          8          0          0          0        638   bsp_can.o
        40         14          0          8          0        765   bsp_delay.o
        96         12          0          0          0       1130   bsp_rc.o
       172         24          0          0          0       1797   bsp_usart.o
       388         42          0          4         80       2682   can.o
       420         20          0          0          0     579114   can_receive.o
       130          0          0          0          0      24269   cmsis_os.o
       572         92          0         13       2360      10134   communicate.o
        52         12          0          1          0       6348   communicate_task.o
        76         18          0          8          0       1683   crc.o
        80          6          0          0        756       2817   detect_task.o
       156          4          0          0          0        934   dma.o
         0          0          0          0          0      19940   event_groups.o
       124          0          0          0          0       7966   fifo.o
       142         22         69          8       1704       4090   freertos.o
       456         24          0          0          0       1323   gpio.o
       472         24          0         32      24576       5167   heap_4.o
       536         84          0          0        348       3412   i2c.o
       138          0          0          0          0       3846   list.o
       284         18          0          0          0     791856   main.o
         4          0          0          0          0        556   motor.o
        36          8          0          1          0     594531   my_test_task.o
       302          6          0          0          0       2420   pid.o
       786         82          0         12          0      12441   port.o
      1502         20          0          0         64      18044   queue.o
       268          8          0          1         20       3100   remote_control.o
        76         18          0          0         16       1683   rng.o
       116         22          0          0         32       1711   rtc.o
       472         44          0          0        368       2824   spi.o
        64         26        392          0      16384        892   startup_stm32f407xx.o
       180         28          0         12          0       9797   stm32f4xx_hal.o
       712         28          0          0          0       3075   stm32f4xx_hal_adc.o
      1658          6          0          0          0      15247   stm32f4xx_hal_can.o
       198         14          0          0          0      34247   stm32f4xx_hal_cortex.o
        34          0          0          0          0       1147   stm32f4xx_hal_crc.o
       752         16          8          0          0       4320   stm32f4xx_hal_dma.o
       542         52          0          0          0       4319   stm32f4xx_hal_gpio.o
       392         16          0          0          0       3215   stm32f4xx_hal_i2c.o
        56          4          0          0          0        934   stm32f4xx_hal_msp.o
      2308         14          0          0          0      13449   stm32f4xx_hal_pcd.o
        78          0          0          0          0       2601   stm32f4xx_hal_pcd_ex.o
      1360         82          0          0          0       6060   stm32f4xx_hal_rcc.o
       316         20          0          0          0       1488   stm32f4xx_hal_rcc_ex.o
        50          0          0          0          0       1175   stm32f4xx_hal_rng.o
       284          6          0          0          0       3056   stm32f4xx_hal_rtc.o
       188          0          0          0          0       1295   stm32f4xx_hal_spi.o
      1420        110          0          0          0      13013   stm32f4xx_hal_tim.o
       228         28          0          0          0       2308   stm32f4xx_hal_tim_ex.o
       366         10          0          0          0       2148   stm32f4xx_hal_uart.o
       132         36          0          0          0       8711   stm32f4xx_it.o
      2690        132          0          0          0      24578   stm32f4xx_ll_usb.o
         0          0          0          0          0        408   stream_buffer.o
       144         70          0         12          0     610367   system_config.o
        16          4         24          4          0       1251   system_stm32f4xx.o
      2332        174          0         60        240      29078   tasks.o
      1588        134          0          0        432       7079   tim.o
       972         80          0         20        272      30647   timers.o
         0          0          0          0        308       1520   ui.o
       724         80          0          0        588       3800   usart.o
        84         18          0          0        720       2731   usb_device.o
       752         16          0        271          0      13795   usbd_cdc.o
        72         16          0         20       4096       3410   usbd_cdc_if.o
       644         24          0          0       1576      17344   usbd_conf.o
       744          0          0          0          0      13501   usbd_core.o
      1244         30          0          1          0      14848   usbd_ctlreq.o
       288        104          0         78        512       6405   usbd_desc.o
       132          0          0          0          0       4872   usbd_ioreq.o

    ----------------------------------------------------------------------
     33580       2100        688        588      56388    3059654   Object Totals
         0          0         32          0          0          0   (incl. Generated)
        60          0          3         12          0          0   (incl. Padding)

    ----------------------------------------------------------------------

      Code (inc. data)   RO Data    RW Data    ZI Data      Debug   Library Member Name

        90          0          0          0          0          0   __dczerorl2.o
         8          0          0          0          0         68   __main.o
         0          0          0          0          0          0   __rtentry.o
        12          0          0          0          0          0   __rtentry2.o
         6          0          0          0          0          0   __rtentry4.o
        52          8          0          0          0          0   __scatter.o
        28          0          0          0          0          0   __scatter_zi.o
        16          0          0          0          0         68   aeabi_memset.o
        18          0          0          0          0         80   exit.o
         6          0          0          0          0        152   heapauxi.o
         0          0          0          0          0          0   indicate_semi.o
         2          0          0          0          0          0   libinit.o
         6          0          0          0          0          0   libinit2.o
         2          0          0          0          0          0   libshutdown.o
         2          0          0          0          0          0   libshutdown2.o
         8          4          0          0         96         68   libspace.o
       238          0          0          0          0        100   lludivv7m.o
        68          0          0          0          0         68   rt_memclr.o
        78          0          0          0          0         80   rt_memclr_w.o
       138          0          0          0          0         68   rt_memcpy_v6.o
       100          0          0          0          0         80   rt_memcpy_w.o
         2          0          0          0          0          0   rtexit.o
        10          0          0          0          0          0   rtexit2.o
        12          4          0          0          0         68   sys_exit.o
        74          0          0          0          0         80   sys_stackheap_outer.o
         2          0          0          0          0         68   use_no_semi.o
        10          0          0          0          0        116   fpinit.o

    ----------------------------------------------------------------------
       996         16          0          0         96       1164   Library Totals
         8          0          0          0          0          0   (incl. Padding)

    ----------------------------------------------------------------------

      Code (inc. data)   RO Data    RW Data    ZI Data      Debug   Library Name

       978         16          0          0         96       1048   c_w.l
        10          0          0          0          0        116   fz_wm.l

    ----------------------------------------------------------------------
       996         16          0          0         96       1164   Library Totals

    ----------------------------------------------------------------------

==============================================================================


      Code (inc. data)   RO Data    RW Data    ZI Data      Debug   

     34576       2116        688        588      56484    3023750   Grand Totals
     34576       2116        688        204      56484    3023750   ELF Image Totals (compressed)
     34576       2116        688        204          0          0   ROM Totals

==============================================================================

    Total RO  Size (Code + RO Data)                35264 (  34.44kB)
    Total RW  Size (RW Data + ZI Data)             57072 (  55.73kB)
    Total ROM Size (Code + RO Data + RW Data)      35468 (  34.64kB)

==============================================================================

