<html>
<body>
<pre>
<h1>µVision Build Log</h1>
<h2>Tool Versions:</h2>
IDE-Version: ¦ÌVision V5.35.0.0
Copyright (C) 2021 ARM Ltd and ARM Germany GmbH. All rights reserved.
License Information: 1 Admonition, 1, LIC=76F5U-S14DQ-Y88FK-ZN1AC-0WQZN-QD2A0
 
Tool Versions:
Toolchain:       MDK-ARM Plus  Version: 5.35.0.2
Toolchain Path:  D:\Code\IDEss\keil\ARM\ARMCC\Bin
C Compiler:      Armcc.exe V5.06 update 7 (build 960)
Assembler:       Armasm.exe V5.06 update 7 (build 960)
Linker/Locator:  ArmLink.exe V5.06 update 7 (build 960)
Library Manager: ArmAr.exe V5.06 update 7 (build 960)
Hex Converter:   FromElf.exe V5.06 update 7 (build 960)
CPU DLL:         SARMCM3.DLL V5.35.0.2
Dialog DLL:      DCM.DLL V1.17.3.0
Target DLL:      STLink\ST-LINKIII-KEIL_SWO.dll V3.0.9.0
Dialog DLL:      TCM.DLL V1.53.0.0
 
<h2>Project:</h2>
E:\Proj\1.RM\1.Code&machine\1.engineer\NMB\OG\gimbal 1.2.1\MDK-ARM\New_Legends_Project.uvprojx
Project File Date:  02/27/2024

<h2>Output:</h2>
*** Using Compiler 'V5.06 update 7 (build 960)', folder: 'D:\Code\IDEss\keil\ARM\ARMCC\Bin'
Rebuild target 'New_Legends_Project'
assembling startup_stm32f407xx.s...
compiling dma.c...
compiling main.c...
../Core/Src/main.c(104): warning:  #223-D: function "remote_control_init" declared implicitly
  		remote_control_init();
../Core/Src/main.c(105): warning:  #223-D: function "can_filter_init" declared implicitly
      can_filter_init();
../Core/Src/main.c(106): warning:  #223-D: function "can_receive_init" declared implicitly
      can_receive_init();
../Core/Src/main.c: 3 warnings, 0 errors
compiling can.c...
compiling CAN_receive.c...
compiling freertos.c...
compiling stm32f4xx_hal_msp.c...
compiling gpio.c...
compiling remote_control.c...
compiling stm32f4xx_it.c...
compiling usart.c...
compiling tim.c...
compiling DMPower.c...
compiling foerarm.c...
..\APP\foerarm.c(501): warning:  #1035-D: single-precision operand implicitly converted to double-precision
          forearm.damiao_roll_angle += DAMIAO_ROLL_SPEED;
..\APP\foerarm.c(504): warning:  #1035-D: single-precision operand implicitly converted to double-precision
          forearm.damiao_roll_angle -= DAMIAO_ROLL_SPEED;
..\APP\foerarm.c(506): warning:  #1035-D: single-precision operand implicitly converted to double-precision
      if (forearm.damiao_roll_angle > DAMIAO_ROLL_LIMIT1 )
..\APP\foerarm.c(525): warning:  #1035-D: single-precision operand implicitly converted to double-precision
          forearm.damiao_pitch_angle += DAMIAO_PITCH_SPEED;
..\APP\foerarm.c(529): warning:  #1035-D: single-precision operand implicitly converted to double-precision
          forearm.damiao_pitch_angle -= DAMIAO_PITCH_SPEED;
..\APP\foerarm.c(531): warning:  #1035-D: single-precision operand implicitly converted to double-precision
      if (forearm.damiao_pitch_angle > DAMIAO_PITCH_LIMIT1 )
..\APP\foerarm.c(732): warning:  #1-D: last line of file ends without a newline
   
..\APP\foerarm.c: 7 warnings, 0 errors
compiling bsp_rc.c...
compiling bsp_can.c...
compiling stm32f4xx_hal_can.c...
compiling stm32f4xx_hal_rcc_ex.c...
compiling stm32f4xx_hal_rcc.c...
compiling stm32f4xx_hal_flash.c...
compiling stm32f4xx_hal_flash_ramfunc.c...
compiling stm32f4xx_hal_flash_ex.c...
compiling stm32f4xx_hal_pwr.c...
compiling stm32f4xx_hal_gpio.c...
compiling stm32f4xx_hal_pwr_ex.c...
compiling stm32f4xx_hal_dma.c...
compiling stm32f4xx_hal_dma_ex.c...
compiling stm32f4xx_hal_cortex.c...
compiling croutine.c...
compiling stm32f4xx_hal.c...
compiling list.c...
compiling event_groups.c...
compiling stream_buffer.c...
compiling stm32f4xx_hal_exti.c...
compiling queue.c...
compiling system_stm32f4xx.c...
compiling timers.c...
compiling tasks.c...
compiling heap_4.c...
compiling stm32f4xx_hal_tim_ex.c...
compiling stm32f4xx_hal_uart.c...
compiling port.c...
compiling cmsis_os.c...
compiling stm32f4xx_hal_tim.c...
linking...
Program Size: Code=20156 RO-data=528 RW-data=260 ZI-data=19524  
FromELF: creating hex file...
"New_Legends_Project\New_Legends_Project.axf" - 0 Error(s), 10 Warning(s).

<h2>Software Packages used:</h2>

Package Vendor: ARM
                http://www.keil.com/pack/ARM.CMSIS.5.8.0.pack
                ARM.CMSIS.5.8.0
                CMSIS (Common Microcontroller Software Interface Standard)
   * Component: CORE Version: 5.5.0

Package Vendor: Keil
                https://www.keil.com/pack/Keil.STM32F4xx_DFP.2.17.0.pack
                Keil.STM32F4xx_DFP.2.17.0
                STMicroelectronics STM32F4 Series Device Support, Drivers and Examples

<h2>Collection of Component include folders:</h2>
  .\RTE\_New_Legends_Project
  D:\Code\IDEss\keil\ARM\CMSIS\5.8.0\CMSIS\Core\Include
  D:\Code\IDEss\keil\Keil\STM32F4xx_DFP\2.17.0\Drivers\CMSIS\Device\ST\STM32F4xx\Include

<h2>Collection of Component Files used:</h2>

   * Component: ARM::CMSIS:CORE:5.5.0
Build Time Elapsed:  00:00:03
</pre>
</body>
</html>
