<html>
<body>
<pre>
<h1>µVision Build Log</h1>
<h2>Tool Versions:</h2>
IDE-Version: ¦ÌVision V5.35.0.0
Copyright (C) 2021 ARM Ltd and ARM Germany GmbH. All rights reserved.
License Information: 1 Admonition, 1, LIC=76F5U-S14DQ-Y88FK-ZN1AC-0WQZN-QD2A0
 
Tool Versions:
Toolchain:       MDK-ARM Plus  Version: 5.35.0.2
Toolchain Path:  D:\Code\IDEss\keil\ARM\ARMCC\Bin
C Compiler:      Armcc.exe V5.06 update 7 (build 960)
Assembler:       Armasm.exe V5.06 update 7 (build 960)
Linker/Locator:  ArmLink.exe V5.06 update 7 (build 960)
Library Manager: ArmAr.exe V5.06 update 7 (build 960)
Hex Converter:   FromElf.exe V5.06 update 7 (build 960)
CPU DLL:         SARMCM3.DLL V5.35.0.2
Dialog DLL:      DCM.DLL V1.17.3.0
Target DLL:      CMSIS_AGDI.dll V1.33.0.0
Dialog DLL:      TCM.DLL V1.53.0.0
 
<h2>Project:</h2>
E:\Proj\1.RM\1.Code&machine\1.engineer\NMB\git\24MB\OG\gimbal 3.0\MDK-ARM\New_Legends_Project.uvprojx
Project File Date:  05/24/2024

<h2>Output:</h2>
*** Using Compiler 'V5.06 update 7 (build 960)', folder: 'D:\Code\IDEss\keil\ARM\ARMCC\Bin'
Build target 'New_Legends_Project'
compiling foerarm.c...
..\APP\foerarm.c(546): warning:  #1035-D: single-precision operand implicitly converted to double-precision
          forearm.damiao_roll.angle_target += DAMIAO_ROLL_SPEED;
..\APP\foerarm.c(550): warning:  #1035-D: single-precision operand implicitly converted to double-precision
          forearm.damiao_roll.angle_target -= DAMIAO_ROLL_SPEED;
..\APP\foerarm.c(552): warning:  #1035-D: single-precision operand implicitly converted to double-precision
      if (forearm.damiao_roll.angle_target > DM_ROLL_1_ANGLE_MAX )
..\APP\foerarm.c(570): warning:  #1035-D: single-precision operand implicitly converted to double-precision
          forearm.damiao_pitch.angle_target += DAMIAO_PITCH_SPEED;
..\APP\foerarm.c(574): warning:  #1035-D: single-precision operand implicitly converted to double-precision
          forearm.damiao_pitch.angle_target -= DAMIAO_PITCH_SPEED;
..\APP\foerarm.c(576): warning:  #1035-D: single-precision operand implicitly converted to double-precision
      if (forearm.damiao_pitch.angle_target > DM_PITCH_2_ANGLE_MAX )
..\APP\foerarm.c(593): warning:  #1035-D: single-precision operand implicitly converted to double-precision
          forearm.damiao_yaw.angle_target += DAMIAO_YAW_SPEED;
..\APP\foerarm.c(597): warning:  #1035-D: single-precision operand implicitly converted to double-precision
          forearm.damiao_yaw.angle_target -= DAMIAO_YAW_SPEED;
..\APP\foerarm.c(599): warning:  #1035-D: single-precision operand implicitly converted to double-precision
      if (forearm.damiao_yaw.angle_target > DM_YAW_3_ANGLE_MAX )
..\APP\foerarm.c(618): warning:  #177-D: variable "send_mail_box"  was declared but never referenced
      uint32_t send_mail_box;
..\APP\foerarm.c(648): warning:  #177-D: variable "send_mail_box"  was declared but never referenced
      uint32_t send_mail_box;
..\APP\foerarm.c(774): warning:  #175-D: subscript out of range
      forearm_PID[6].mode = PID_POSITION;
..\APP\foerarm.c(775): warning:  #175-D: subscript out of range
      forearm_PID[6].Kp = FOREARM_STRETCH_R_KP;
..\APP\foerarm.c(776): warning:  #175-D: subscript out of range
      forearm_PID[6].Ki = FOREARM_STRETCH_R_KI;
..\APP\foerarm.c(777): warning:  #175-D: subscript out of range
      forearm_PID[6].Kd = FOREARM_STRETCH_R_KD;
..\APP\foerarm.c(778): warning:  #175-D: subscript out of range
      forearm_PID[6].max_out = FOREARM_STRETCH_R_MOUT;
..\APP\foerarm.c(779): warning:  #175-D: subscript out of range
      forearm_PID[6].max_iout = FOREARM_STRETCH_R_MIOUT;
..\APP\foerarm.c(780): warning:  #175-D: subscript out of range
      forearm_PID[6].Dbuf[0] = forearm_PID[0].Dbuf[1] = forearm_PID[0].Dbuf[2] = 0.0f;
..\APP\foerarm.c(781): warning:  #175-D: subscript out of range
      forearm_PID[6].error[0] = forearm_PID[0].error[1] = forearm_PID[0].error[2] = forearm_PID[0].Pout = forearm_PID[0].Iout = forearm_PID[0].Dout = forearm_PID[0].out = 0.0f;
..\APP\foerarm.c(835): warning:  #1-D: last line of file ends without a newline
   
..\APP\foerarm.c: 20 warnings, 0 errors
linking...
Program Size: Code=20296 RO-data=528 RW-data=292 ZI-data=19508  
FromELF: creating hex file...
"New_Legends_Project\New_Legends_Project.axf" - 0 Error(s), 20 Warning(s).

<h2>Software Packages used:</h2>

Package Vendor: ARM
                http://www.keil.com/pack/ARM.CMSIS.5.8.0.pack
                ARM.CMSIS.5.8.0
                CMSIS (Common Microcontroller Software Interface Standard)
   * Component: CORE Version: 5.5.0

Package Vendor: Keil
                https://www.keil.com/pack/Keil.STM32F4xx_DFP.2.17.0.pack
                Keil.STM32F4xx_DFP.2.17.0
                STMicroelectronics STM32F4 Series Device Support, Drivers and Examples

<h2>Collection of Component include folders:</h2>
  .\RTE\_New_Legends_Project
  D:\Code\IDEss\keil\ARM\CMSIS\5.8.0\CMSIS\Core\Include
  D:\Code\IDEss\keil\Keil\STM32F4xx_DFP\2.17.0\Drivers\CMSIS\Device\ST\STM32F4xx\Include

<h2>Collection of Component Files used:</h2>

   * Component: ARM::CMSIS:CORE:5.5.0
Build Time Elapsed:  00:00:01
</pre>
</body>
</html>
