<html>
<body>
<pre>
<h1>µVision Build Log</h1>
<h2>Tool Versions:</h2>
IDE-Version: ¦ÌVision V5.35.0.0
Copyright (C) 2021 ARM Ltd and ARM Germany GmbH. All rights reserved.
License Information: 1 Admonition, 1, LIC=76F5U-S14DQ-Y88FK-ZN1AC-0WQZN-QD2A0
 
Tool Versions:
Toolchain:       MDK-ARM Plus  Version: 5.35.0.2
Toolchain Path:  D:\Code\IDEss\keil\ARM\ARMCC\Bin
C Compiler:      Armcc.exe V5.06 update 7 (build 960)
Assembler:       Armasm.exe V5.06 update 7 (build 960)
Linker/Locator:  ArmLink.exe V5.06 update 7 (build 960)
Library Manager: ArmAr.exe V5.06 update 7 (build 960)
Hex Converter:   FromElf.exe V5.06 update 7 (build 960)
CPU DLL:         SARMCM3.DLL V5.35.0.2
Dialog DLL:      DCM.DLL V1.17.3.0
Target DLL:      CMSIS_AGDI.dll V1.33.0.0
Dialog DLL:      TCM.DLL V1.53.0.0
 
<h2>Project:</h2>
E:\Proj\1.RM\1.Code&machine\1.engineer\NMB\OG\chassis 2.1\MDK-ARM\New_Legends_Project.uvprojx
Project File Date:  02/27/2024

<h2>Output:</h2>
*** Using Compiler 'V5.06 update 7 (build 960)', folder: 'D:\Code\IDEss\keil\ARM\ARMCC\Bin'
Rebuild target 'New_Legends_Project'
assembling startup_stm32f407xx.s...
compiling save.c...
compiling tim.c...
compiling stm32f4xx_hal_msp.c...
compiling usart.c...
compiling main.c...
../Core/Src/main.c(100): warning:  #223-D: function "remote_control_init" declared implicitly
  		remote_control_init();
../Core/Src/main.c(101): warning:  #223-D: function "can_filter_init" declared implicitly
      can_filter_init();
../Core/Src/main.c: 2 warnings, 0 errors
compiling can.c...
compiling dma.c...
compiling gpio.c...
compiling freertos.c...
compiling remote_control.c...
compiling stm32f4xx_it.c...
compiling chassis.c...
..\APP\chassis.c(172): warning:  #167-D: argument of type "int8_t *" is incompatible with parameter of type "uint8_t *"
      HAL_CAN_AddTxMessage(&hcan2, &can_tx_message, chassis_can_send_data, &send_mail_box);
..\APP\chassis.c: 1 warning, 0 errors
compiling CAN_receive.c...
compiling lift.c...
..\APP\lift.c(19): warning:  #223-D: function "vTaskDelay" declared implicitly
          vTaskDelay(1);
..\APP\lift.c(455): warning:  #1-D: last line of file ends without a newline
  }
..\APP\lift.c: 2 warnings, 0 errors
compiling bsp_rc.c...
compiling bsp_can.c...
compiling stm32f4xx_hal_flash_ramfunc.c...
compiling stm32f4xx_hal_rcc.c...
compiling stm32f4xx_hal_flash_ex.c...
compiling stm32f4xx_hal_rcc_ex.c...
compiling stm32f4xx_hal_flash.c...
compiling stm32f4xx_hal_pwr.c...
compiling stm32f4xx_hal_can.c...
compiling stm32f4xx_hal_gpio.c...
compiling stm32f4xx_hal_dma.c...
compiling stm32f4xx_hal_dma_ex.c...
compiling stm32f4xx_hal_pwr_ex.c...
compiling stm32f4xx_hal_cortex.c...
compiling stm32f4xx_hal.c...
compiling croutine.c...
compiling list.c...
compiling event_groups.c...
compiling stm32f4xx_hal_exti.c...
compiling stream_buffer.c...
compiling queue.c...
compiling system_stm32f4xx.c...
compiling timers.c...
compiling heap_4.c...
compiling tasks.c...
compiling stm32f4xx_hal_tim_ex.c...
compiling stm32f4xx_hal_uart.c...
compiling port.c...
compiling cmsis_os.c...
compiling stm32f4xx_hal_tim.c...
linking...
Program Size: Code=16488 RO-data=640 RW-data=376 ZI-data=19136  
FromELF: creating hex file...
"New_Legends_Project\New_Legends_Project.axf" - 0 Error(s), 5 Warning(s).

<h2>Software Packages used:</h2>

Package Vendor: ARM
                http://www.keil.com/pack/ARM.CMSIS.5.8.0.pack
                ARM.CMSIS.5.8.0
                CMSIS (Common Microcontroller Software Interface Standard)
   * Component: CORE Version: 5.5.0

Package Vendor: Keil
                https://www.keil.com/pack/Keil.STM32F4xx_DFP.2.17.0.pack
                Keil.STM32F4xx_DFP.2.17.0
                STMicroelectronics STM32F4 Series Device Support, Drivers and Examples

<h2>Collection of Component include folders:</h2>
  .\RTE\_New_Legends_Project
  D:\Code\IDEss\keil\ARM\CMSIS\5.8.0\CMSIS\Core\Include
  D:\Code\IDEss\keil\Keil\STM32F4xx_DFP\2.17.0\Drivers\CMSIS\Device\ST\STM32F4xx\Include

<h2>Collection of Component Files used:</h2>

   * Component: ARM::CMSIS:CORE:5.5.0
      Include file:  CMSIS\Core\Include\tz_context.h
Build Time Elapsed:  00:00:03
</pre>
</body>
</html>
