<html>
<body>
<pre>
<h1>µVision Build Log</h1>
<h2>Tool Versions:</h2>
IDE-Version: ¦ÌVision V5.35.0.0
Copyright (C) 2021 ARM Ltd and ARM Germany GmbH. All rights reserved.
License Information: 1 1406232374@qq.com, 1, LIC=MPPLD-8VWJ2-450T5-GNK3C-6QJ6H-AF08H
 
Tool Versions:
Toolchain:       MDK-ARM Plus  Version: 5.35.0.2
Toolchain Path:  C:\Keil_v5\ARM\ARMCC\Bin
C Compiler:      Armcc.exe V5.06 update 7 (build 960)
Assembler:       Armasm.exe V5.06 update 7 (build 960)
Linker/Locator:  ArmLink.exe V5.06 update 7 (build 960)
Library Manager: ArmAr.exe V5.06 update 7 (build 960)
Hex Converter:   FromElf.exe V5.06 update 7 (build 960)
CPU DLL:         SARMCM3.DLL V5.35.0.2
Dialog DLL:      DCM.DLL V1.17.3.0
Target DLL:      STLink\ST-LINKIII-KEIL_SWO.dll V3.0.9.0
Dialog DLL:      TCM.DLL V1.53.0.0
 
<h2>Project:</h2>
C:\Users\14062\Documents\GitHub\New_Legends_Project\New_Legends_Project\MDK-ARM\standard_robot.uvprojx
Project File Date:  11/06/2021

<h2>Output:</h2>
*** Using Compiler 'V5.06 update 7 (build 960)', folder: 'C:\Keil_v5\ARM\ARMCC\Bin'
Build target 'standard_robot'
compiling chassis_task.c...
..\application\gimbal_task.h(337): warning:  #1295-D: Deprecated declaration software_reset - give arg types
  extern void software_reset();
..\application\chassis_behaviour.h(88): warning:  #47-D: incompatible redefinition of macro "SWING_KEY"  (declared at line 85 of "..\application\chassis_task.h")
  #define SWING_KEY ((chassis_move.chassis_RC->key.v  & KEY_PRESSED_OFFSET_C) && !(chassis_move.chassis_last_key_v & KEY_PRESSED_OFFSET_C))
..\application\chassis_behaviour.h(90): warning:  #47-D: incompatible redefinition of macro "TOP_KEY"  (declared at line 87 of "..\application\chassis_task.h")
  #define TOP_KEY ((chassis_move.chassis_RC->key.v  & KEY_PRESSED_OFFSET_F) && !(chassis_move.chassis_last_key_v & KEY_PRESSED_OFFSET_F))
..\application\chassis_task.c(515): warning:  #1035-D: single-precision operand implicitly converted to double-precision
          chassis_move_control_loop->max_wheel_speed = 1.5 * MAX_WHEEL_SPEED;
..\application\chassis_task.c: 4 warnings, 0 errors
linking...
Program Size: Code=114332 RO-data=14764 RW-data=1440 ZI-data=59272  
FromELF: creating hex file...
"standard_tpye_c\standard_tpye_c.axf" - 0 Error(s), 4 Warning(s).

<h2>Software Packages used:</h2>

Package Vendor: ARM
                http://www.keil.com/pack/ARM.CMSIS.5.8.0.pack
                ARM.CMSIS.5.8.0
                CMSIS (Common Microcontroller Software Interface Standard)
   * Component: CORE Version: 5.5.0

Package Vendor: Keil
                http://www.keil.com/pack/Keil.STM32F4xx_DFP.2.15.0.pack
                Keil.STM32F4xx_DFP.2.15.0
                STMicroelectronics STM32F4 Series Device Support, Drivers and Examples

<h2>Collection of Component include folders:</h2>
  .\RTE\_standard_robot
  C:\Users\14062\AppData\Local\Arm\Packs\ARM\CMSIS\5.8.0\CMSIS\Core\Include
  C:\Users\14062\AppData\Local\Arm\Packs\Keil\STM32F4xx_DFP\2.15.0\Drivers\CMSIS\Device\ST\STM32F4xx\Include

<h2>Collection of Component Files used:</h2>

   * Component: ARM::CMSIS:CORE:5.5.0
Build Time Elapsed:  00:00:01
</pre>
</body>
</html>
